#
# There is insufficient memory for the Java Runtime Environment to continue.
# Native memory allocation (malloc) failed to allocate 1048576 bytes. Error detail: AllocateHeap
# Possible reasons:
#   The system is out of physical RAM or swap space
#   This process is running with CompressedOops enabled, and the Java Heap may be blocking the growth of the native heap
# Possible solutions:
#   Reduce memory load on the system
#   Increase physical memory or swap space
#   Check if swap backing store is full
#   Decrease Java heap size (-Xmx/-Xms)
#   Decrease number of Java threads
#   Decrease Java thread stack sizes (-Xss)
#   Set larger code cache with -XX:ReservedCodeCacheSize=
#   JVM is running with Unscaled Compressed Oops mode in which the Java heap is
#     placed in the first 4GB address space. The Java Heap base address is the
#     maximum limit for the native heap growth. Please use -XX:HeapBaseMinAddress
#     to set the Java Heap base and to place the Java Heap above 4GB virtual address.
# This output file may be truncated or incomplete.
#
#  Out of Memory Error (allocation.cpp:44), pid=1080, tid=464
#
# JRE version:  (21.0.10+7) (build )
# Java VM: OpenJDK 64-Bit Server VM (21.0.10+7-LTS, mixed mode, sharing, tiered, compressed oops, compressed class ptrs, parallel gc, windows-amd64)
# No core dump will be written. Minidumps are not enabled by default on client versions of Windows
#

---------------  S U M M A R Y ------------

Command Line: --add-modules=ALL-SYSTEM --add-opens=java.base/java.util=ALL-UNNAMED --add-opens=java.base/java.lang=ALL-UNNAMED --add-opens=java.base/sun.nio.fs=ALL-UNNAMED -Declipse.application=org.eclipse.jdt.ls.core.id1 -Dosgi.bundles.defaultStartLevel=4 -Declipse.product=org.eclipse.jdt.ls.core.product -Djava.import.generatesMetadataFilesAtProjectRoot=false -DDetectVMInstallationsJob.disabled=true -Dfile.encoding=utf8 -XX:+UseParallelGC -XX:GCTimeRatio=4 -XX:AdaptiveSizePolicyWeight=90 -Dsun.zip.disableMemoryMapping=true -Xmx2G -Xms100m -Xlog:disable -javaagent:c:\Users\Pratiush\.antigravity\extensions\redhat.java-1.53.0-win32-x64\lombok\lombok-1.18.39-4050.jar -XX:+HeapDumpOnOutOfMemoryError -XX:HeapDumpPath=c:\Users\Pratiush\AppData\Roaming\Antigravity\User\workspaceStorage\d2ea640c3a926e11886aa29436757f93\redhat.java -Daether.dependencyCollector.impl=bf c:\Users\Pratiush\.antigravity\extensions\redhat.java-1.53.0-win32-x64\server\plugins\org.eclipse.equinox.launcher_1.7.100.v20251111-0406.jar -configuration c:\Users\Pratiush\AppData\Roaming\Antigravity\User\globalStorage\redhat.java\1.53.0\config_win -data c:\Users\Pratiush\AppData\Roaming\Antigravity\User\workspaceStorage\d2ea640c3a926e11886aa29436757f93\redhat.java\jdt_ws --pipe=\\.\pipe\lsp-7ded210430c855c838664e22f7e2971d-sock

Host: AMD Ryzen 5 5625U with Radeon Graphics         , 12 cores, 7G,  Windows 11 , 64 bit Build 26100 (10.0.26100.7920)
Time: Mon Mar 30 17:28:58 2026 India Standard Time elapsed time: 4.362975 seconds (0d 0h 0m 4s)

---------------  T H R E A D  ---------------

Current thread (0x000002b495662da0):  JavaThread "Unknown thread" [_thread_in_vm, id=464, stack(0x000000ea2b200000,0x000000ea2b300000) (1024K)]

Stack: [0x000000ea2b200000,0x000000ea2b300000]
Native frames: (J=compiled Java code, j=interpreted, Vv=VM code, C=native code)
V  [jvm.dll+0x6d7a39]
V  [jvm.dll+0x8b4b26]
V  [jvm.dll+0x8b70de]
V  [jvm.dll+0x8b77c3]
V  [jvm.dll+0x284346]
V  [jvm.dll+0xc1277]
V  [jvm.dll+0x70ba02]
V  [jvm.dll+0x70c73c]
V  [jvm.dll+0x6e65d3]
V  [jvm.dll+0x87f17c]
V  [jvm.dll+0x3c49fc]
V  [jvm.dll+0x867e6b]
V  [jvm.dll+0x457b31]
V  [jvm.dll+0x459721]
C  [jli.dll+0x52d0]
C  [ucrtbase.dll+0x37b0]
C  [KERNEL32.DLL+0x2e8d7]
C  [ntdll.dll+0x8c48c]


---------------  P R O C E S S  ---------------

Threads class SMR info:
_java_thread_list=0x000002b4ed0dc9b0, length=1, elements={
0x000002b495662da0
}

Java Threads: ( => current thread )
=>0x000002b495662da0 JavaThread "Unknown thread"             [_thread_in_vm, id=464, stack(0x000000ea2b200000,0x000000ea2b300000) (1024K)]
Total: 1

Other Threads:
  0x000002b4ed0dca10 WatcherThread "VM Periodic Task Thread"        [id=6476, stack(0x000000ea2b400000,0x000000ea2b500000) (1024K)]
  0x000002b4956816e0 WorkerThread "GC Thread#0"                     [id=10068, stack(0x000000ea2b300000,0x000000ea2b400000) (1024K)]
Total: 2

Threads with active compile tasks:
Total: 0

VM state: not at safepoint (normal execution)

VM Mutex/Monitor currently owned by a thread: None

Heap address: 0x0000000080000000, size: 2048 MB, Compressed Oops mode: 32-bit

CDS archive(s) mapped at: [0x000002b4ac000000-0x000002b4acba0000-0x000002b4acba0000), size 12189696, SharedBaseAddress: 0x000002b4ac000000, ArchiveRelocationMode: 1.
Compressed class space mapped at: 0x000002b4ad000000-0x000002b4ed000000, reserved size: 1073741824
Narrow klass base: 0x000002b4ac000000, Narrow klass shift: 0, Narrow klass range: 0x100000000

GC Precious Log:
 CardTable entry size: 512
 CPUs: 12 total, 12 available
 Memory: 7528M
 Large Page Support: Disabled
 NUMA Support: Disabled
 Compressed Oops: Enabled (32-bit)
 Alignments: Space 512K, Generation 512K, Heap 2M
 Heap Min Capacity: 100M
 Heap Initial Capacity: 100M
 Heap Max Capacity: 2G
 Pre-touch: Disabled
 Parallel Workers: 10

Heap:
 PSYoungGen      total 29696K, used 512K [0x00000000d5580000, 0x00000000d7680000, 0x0000000100000000)
  eden space 25600K, 2% used [0x00000000d5580000,0x00000000d5600020,0x00000000d6e80000)
  from space 4096K, 0% used [0x00000000d7280000,0x00000000d7280000,0x00000000d7680000)
  to   space 4096K, 0% used [0x00000000d6e80000,0x00000000d6e80000,0x00000000d7280000)
 ParOldGen       total 68608K, used 0K [0x0000000080000000, 0x0000000084300000, 0x00000000d5580000)
  object space 68608K, 0% used [0x0000000080000000,0x0000000080000000,0x0000000084300000)
 Metaspace       used 0K, committed 0K, reserved 1048576K
  class space    used 0K, committed 0K, reserved 1048576K

Card table byte_map: [0x000002b495000000,0x000002b495410000] _byte_map_base: 0x000002b494c00000

Marking Bits: (ParMarkBitMap*) 0x00007ffc68e33450
 Begin Bits: [0x000002b4a7b10000, 0x000002b4a9b10000)
 End Bits:   [0x000002b4a9b10000, 0x000002b4abb10000)

Polling page: 0x000002b493520000

Metaspace:

Usage:
  Non-class:      0 bytes used.
      Class:      0 bytes used.
       Both:      0 bytes used.

Virtual space:
  Non-class space:        0 bytes reserved,       0 bytes (  ?%) committed,  0 nodes.
      Class space:        1.00 GB reserved,       0 bytes (  0%) committed,  1 nodes.
             Both:        1.00 GB reserved,       0 bytes (  0%) committed. 

Chunk freelists:
   Non-Class:  0 bytes
       Class:  16.00 MB
        Both:  16.00 MB

MaxMetaspaceSize: unlimited
CompressedClassSpaceSize: 1.00 GB
Initial GC threshold: 21.00 MB
Current GC threshold: 17179869184.00 GB
CDS: on
 - commit_granule_bytes: 65536.
 - commit_granule_words: 8192.
 - virtual_space_node_default_size: 8388608.
 - enlarge_chunks_in_place: 1.
 - use_allocation_guard: 0.


Internal statistics:

num_allocs_failed_limit: 0.
num_arena_births: 0.
num_arena_deaths: 0.
num_vsnodes_births: 1.
num_vsnodes_deaths: 0.
num_space_committed: 0.
num_space_uncommitted: 0.
num_chunks_returned_to_freelist: 0.
num_chunks_taken_from_freelist: 1.
num_chunk_merges: 0.
num_chunk_splits: 1.
num_chunks_enlarged: 0.
num_inconsistent_stats: 0.

CodeHeap 'non-profiled nmethods': size=120000Kb used=0Kb max_used=0Kb free=120000Kb
 bounds [0x000002b4a0330000, 0x000002b4a05a0000, 0x000002b4a7860000]
CodeHeap 'profiled nmethods': size=120000Kb used=0Kb max_used=0Kb free=120000Kb
 bounds [0x000002b498860000, 0x000002b498ad0000, 0x000002b49fd90000]
CodeHeap 'non-nmethods': size=5760Kb used=194Kb max_used=342Kb free=5565Kb
 bounds [0x000002b49fd90000, 0x000002b4a0000000, 0x000002b4a0330000]
CodeCache: size=245760Kb, used=194Kb, max_used=342Kb, free=245565Kb
 total_blobs=70, nmethods=0, adapters=48, full_count=0
Compilation: enabled, stopped_count=0, restarted_count=0

Compilation events (0 events):
No events

GC Heap History (0 events):
No events

Dll operation events (1 events):
Event: 2.251 Loaded shared library c:\Users\Pratiush\.antigravity\extensions\redhat.java-1.53.0-win32-x64\jre\21.0.10-win32-x86_64\bin\java.dll

Deoptimization events (0 events):
No events

Classes loaded (0 events):
No events

Classes unloaded (0 events):
No events

Classes redefined (0 events):
No events

Internal exceptions (0 events):
No events

ZGC Phase Switch (0 events):
No events

VM Operations (0 events):
No events

Memory protections (0 events):
No events

Nmethod flushes (0 events):
No events

Events (1 events):
Event: 3.337 Thread 0x000002b495662da0 Thread added: 0x000002b495662da0


Dynamic libraries:
0x00007ff701a80000 - 0x00007ff701a8e000 	c:\Users\Pratiush\.antigravity\extensions\redhat.java-1.53.0-win32-x64\jre\21.0.10-win32-x86_64\bin\java.exe
0x00007ffd4c780000 - 0x00007ffd4c9e7000 	C:\WINDOWS\SYSTEM32\ntdll.dll
0x00007ffd4c000000 - 0x00007ffd4c0c9000 	C:\WINDOWS\System32\KERNEL32.DLL
0x00007ffd4a120000 - 0x00007ffd4a511000 	C:\WINDOWS\System32\KERNELBASE.dll
0x00007ffd49960000 - 0x00007ffd49aab000 	C:\WINDOWS\System32\ucrtbase.dll
0x00007ffd3c6c0000 - 0x00007ffd3c6de000 	c:\Users\Pratiush\.antigravity\extensions\redhat.java-1.53.0-win32-x64\jre\21.0.10-win32-x86_64\bin\VCRUNTIME140.dll
0x00007ffd3c7f0000 - 0x00007ffd3c808000 	c:\Users\Pratiush\.antigravity\extensions\redhat.java-1.53.0-win32-x64\jre\21.0.10-win32-x86_64\bin\jli.dll
0x00007ffd4c3b0000 - 0x00007ffd4c575000 	C:\WINDOWS\System32\USER32.dll
0x00007ffd3d520000 - 0x00007ffd3d7b3000 	C:\WINDOWS\WinSxS\amd64_microsoft.windows.common-controls_6595b64144ccf1df_6.0.26100.8037_none_3e092faae333b53b\COMCTL32.dll
0x00007ffd49cd0000 - 0x00007ffd49cf7000 	C:\WINDOWS\System32\win32u.dll
0x00007ffd4b9d0000 - 0x00007ffd4b9fb000 	C:\WINDOWS\System32\GDI32.dll
0x00007ffd49f30000 - 0x00007ffd4a05b000 	C:\WINDOWS\System32\gdi32full.dll
0x00007ffd49ab0000 - 0x00007ffd49b53000 	C:\WINDOWS\System32\msvcp_win.dll
0x00007ffd4b8f0000 - 0x00007ffd4b999000 	C:\WINDOWS\System32\msvcrt.dll
0x00007ffd4b500000 - 0x00007ffd4b531000 	C:\WINDOWS\System32\IMM32.DLL
0x00007ffd44830000 - 0x00007ffd4483c000 	c:\Users\Pratiush\.antigravity\extensions\redhat.java-1.53.0-win32-x64\jre\21.0.10-win32-x86_64\bin\vcruntime140_1.dll
0x00007ffcdcda0000 - 0x00007ffcdce2d000 	c:\Users\Pratiush\.antigravity\extensions\redhat.java-1.53.0-win32-x64\jre\21.0.10-win32-x86_64\bin\msvcp140.dll
0x00007ffc68170000 - 0x00007ffc68f11000 	c:\Users\Pratiush\.antigravity\extensions\redhat.java-1.53.0-win32-x64\jre\21.0.10-win32-x86_64\bin\server\jvm.dll
0x00007ffd4b440000 - 0x00007ffd4b4fb000 	C:\WINDOWS\System32\ADVAPI32.dll
0x00007ffd4c0d0000 - 0x00007ffd4c177000 	C:\WINDOWS\System32\sechost.dll
0x00007ffd4c210000 - 0x00007ffd4c328000 	C:\WINDOWS\System32\RPCRT4.dll
0x00007ffd4c330000 - 0x00007ffd4c3a4000 	C:\WINDOWS\System32\WS2_32.dll
0x00007ffd48ec0000 - 0x00007ffd48f1e000 	C:\WINDOWS\SYSTEM32\POWRPROF.dll
0x00007ffd435f0000 - 0x00007ffd43625000 	C:\WINDOWS\SYSTEM32\WINMM.dll
0x00007ffd43630000 - 0x00007ffd4363b000 	C:\WINDOWS\SYSTEM32\VERSION.dll
0x00007ffd48ea0000 - 0x00007ffd48eb4000 	C:\WINDOWS\SYSTEM32\UMPDC.dll
0x00007ffd47df0000 - 0x00007ffd47e0b000 	C:\WINDOWS\SYSTEM32\kernel.appcore.dll
0x00007ffd3c780000 - 0x00007ffd3c78a000 	c:\Users\Pratiush\.antigravity\extensions\redhat.java-1.53.0-win32-x64\jre\21.0.10-win32-x86_64\bin\jimage.dll
0x00007ffd3db00000 - 0x00007ffd3dd42000 	C:\WINDOWS\SYSTEM32\DBGHELP.DLL
0x00007ffd4aed0000 - 0x00007ffd4b252000 	C:\WINDOWS\System32\combase.dll
0x00007ffd4b540000 - 0x00007ffd4b617000 	C:\WINDOWS\System32\OLEAUT32.dll
0x00007ffd33f20000 - 0x00007ffd33f5b000 	C:\WINDOWS\SYSTEM32\dbgcore.DLL
0x00007ffd49e80000 - 0x00007ffd49f25000 	C:\WINDOWS\System32\bcryptPrimitives.dll
0x00007ffd3b6f0000 - 0x00007ffd3b6ff000 	c:\Users\Pratiush\.antigravity\extensions\redhat.java-1.53.0-win32-x64\jre\21.0.10-win32-x86_64\bin\instrument.dll
0x00007ffd3b440000 - 0x00007ffd3b460000 	c:\Users\Pratiush\.antigravity\extensions\redhat.java-1.53.0-win32-x64\jre\21.0.10-win32-x86_64\bin\java.dll

JVMTI agents:
c:\Users\Pratiush\.antigravity\extensions\redhat.java-1.53.0-win32-x64\lombok\lombok-1.18.39-4050.jar path:none, loaded, not initialized, instrumentlib options:none

dbghelp: loaded successfully - version: 4.0.5 - missing functions: none
symbol engine: initialized successfully - sym options: 0x614 - pdb path: .;c:\Users\Pratiush\.antigravity\extensions\redhat.java-1.53.0-win32-x64\jre\21.0.10-win32-x86_64\bin;C:\WINDOWS\SYSTEM32;C:\WINDOWS\WinSxS\amd64_microsoft.windows.common-controls_6595b64144ccf1df_6.0.26100.8037_none_3e092faae333b53b;c:\Users\Pratiush\.antigravity\extensions\redhat.java-1.53.0-win32-x64\jre\21.0.10-win32-x86_64\bin\server

VM Arguments:
jvm_args: --add-modules=ALL-SYSTEM --add-opens=java.base/java.util=ALL-UNNAMED --add-opens=java.base/java.lang=ALL-UNNAMED --add-opens=java.base/sun.nio.fs=ALL-UNNAMED -Declipse.application=org.eclipse.jdt.ls.core.id1 -Dosgi.bundles.defaultStartLevel=4 -Declipse.product=org.eclipse.jdt.ls.core.product -Djava.import.generatesMetadataFilesAtProjectRoot=false -DDetectVMInstallationsJob.disabled=true -Dfile.encoding=utf8 -XX:+UseParallelGC -XX:GCTimeRatio=4 -XX:AdaptiveSizePolicyWeight=90 -Dsun.zip.disableMemoryMapping=true -Xmx2G -Xms100m -Xlog:disable -javaagent:c:\Users\Pratiush\.antigravity\extensions\redhat.java-1.53.0-win32-x64\lombok\lombok-1.18.39-4050.jar -XX:+HeapDumpOnOutOfMemoryError -XX:HeapDumpPath=c:\Users\Pratiush\AppData\Roaming\Antigravity\User\workspaceStorage\d2ea640c3a926e11886aa29436757f93\redhat.java -Daether.dependencyCollector.impl=bf 
java_command: c:\Users\Pratiush\.antigravity\extensions\redhat.java-1.53.0-win32-x64\server\plugins\org.eclipse.equinox.launcher_1.7.100.v20251111-0406.jar -configuration c:\Users\Pratiush\AppData\Roaming\Antigravity\User\globalStorage\redhat.java\1.53.0\config_win -data c:\Users\Pratiush\AppData\Roaming\Antigravity\User\workspaceStorage\d2ea640c3a926e11886aa29436757f93\redhat.java\jdt_ws --pipe=\\.\pipe\lsp-7ded210430c855c838664e22f7e2971d-sock
java_class_path (initial): c:\Users\Pratiush\.antigravity\extensions\redhat.java-1.53.0-win32-x64\server\plugins\org.eclipse.equinox.launcher_1.7.100.v20251111-0406.jar
Launcher Type: SUN_STANDARD

[Global flags]
    uintx AdaptiveSizePolicyWeight                 = 90                                        {product} {command line}
     intx CICompilerCount                          = 4                                         {product} {ergonomic}
    uintx GCTimeRatio                              = 4                                         {product} {command line}
     bool HeapDumpOnOutOfMemoryError               = true                                   {manageable} {command line}
    ccstr HeapDumpPath                             = c:\Users\Pratiush\AppData\Roaming\Antigravity\User\workspaceStorage\d2ea640c3a926e11886aa29436757f93\redhat.java         {manageable} {command line}
   size_t InitialHeapSize                          = 104857600                                 {product} {command line}
   size_t MaxHeapSize                              = 2147483648                                {product} {command line}
   size_t MaxNewSize                               = 715653120                                 {product} {ergonomic}
   size_t MinHeapDeltaBytes                        = 524288                                    {product} {ergonomic}
   size_t MinHeapSize                              = 104857600                                 {product} {command line}
   size_t NewSize                                  = 34603008                                  {product} {ergonomic}
    uintx NonNMethodCodeHeapSize                   = 5839372                                {pd product} {ergonomic}
    uintx NonProfiledCodeHeapSize                  = 122909434                              {pd product} {ergonomic}
   size_t OldSize                                  = 70254592                                  {product} {ergonomic}
    uintx ProfiledCodeHeapSize                     = 122909434                              {pd product} {ergonomic}
    uintx ReservedCodeCacheSize                    = 251658240                              {pd product} {ergonomic}
     bool SegmentedCodeCache                       = true                                      {product} {ergonomic}
   size_t SoftMaxHeapSize                          = 2147483648                             {manageable} {ergonomic}
     bool UseCompressedOops                        = true                           {product lp64_product} {ergonomic}
     bool UseLargePagesIndividualAllocation        = false                                  {pd product} {ergonomic}
     bool UseParallelGC                            = true                                      {product} {command line}

Logging:
Log output configuration:
 #0: stdout all=off uptime,level,tags foldmultilines=false
 #1: stderr all=off uptime,level,tags foldmultilines=false

Release file:
<release file has not been read>
Environment Variables:
JAVA_HOME=C:\Program Files\Java\jdk-22
PATH=C:\Program Files\Java\jdk-22\bin;C:\Program Files\Java\jdk-21\bin;C:\Program Files\Python313\;C:\Program Files\Common Files\Oracle\Java\javapath;C:\Program Files\Python311\Scripts\;C:\Program Files\Python311\;C:\WINDOWS\system32;C:\WINDOWS;C:\WINDOWS\System32\Wbem;C:\WINDOWS\System32\WindowsPowerShell\v1.0\;C:\WINDOWS\System32\OpenSSH\;C:\Program Files\dotnet\;C:\MinGW\bin;C:\Program Files\MySQL\MySQL Server 8.0\bin;C:\Program Files\MongoDB\Server\7.0\bin;C:\Program Files\Apache\maven\apache-maven-3.9.9\bin;G:\Git\cmd;C:\Program Files\Java\jdk-23\bin;C:\gradle\gradle-8.12.1\bin;c:\Users\Pratiush\AppData\Local\Programs\cursor\resources\app\bin;C:\Users\Pratiush\Downloads\ngrok-v3-stable-windows-amd64;%KAFKA_HOME%\bin;G:\sqlite;C:\Program Files (x86)\apache-maven-3.9.11\bin;C:\Program Files\nodejs\;C:\Program Files\Redis\;C:\Program Files\Docker\Docker\resources\bin;C:\Program Files\Go\bin;C:\Users\Pratiush\.local\bin;C:\Program Files\Java\jdk-22\bin;C:\Program Files\Java\jdk-21\bin;C:\Program Files\Python313\;C:\Program Files\Common Files\Oracle\Java\javapath;C:\Program Files\Python311\Scripts\;C:\Program Files\Python311\;C:\WINDOWS\system32;C:\WINDOWS;C:\WINDOWS\System32\Wbem;C:\WINDOWS\System32\WindowsPowerShell\v1.0\;C:\WINDOWS\System32\OpenSSH\;C:\Program Files\dotnet\;C:\MinGW\bin;C:\Program Files\MySQL\MySQL Server 8.0\bin;C:\Program Files\MongoDB\Server\7.0\bin;C:\Program Files\Apache\maven\apache-maven-3.9.9\bin;G:\Git\cmd;C:\Program Files\Java\jdk-23\bin;C:\gradle\gradle-8.12.1\bin;c:\Users\Pratiush\AppData\Local\Programs\cursor\resources\app\bin;C:\Users\Pratiush\Downloads\ngrok-v3-stable-windows-amd64;%KAFKA_HOME%\bin;G:\sqlite;C:\Program Files (x86)\apache-maven-3.9.11\bin;C:\Program Files\nodejs\;C:\Program Files\Redis\;C:\Program Files\Docker\Docker\resources\bin;C:\Program Files\Go\bin;C:\Program Files\MySQL\MySQL Shell 8.0\bin\;C:\Users\Pratiush\.console-ninja\.bin;C:\Users\Pratiush\AppData\Local\Microsoft\WindowsApps;C:\MinGW\bin;C:\Users\Pratiush\AppData\Local\GitHubDesktop\bin;C:\Program Files\nodejs\;C:\Program Files\mongosh\;C:\Users\Pratiush\AppData\Local\Programs\Microsoft VS Code\bin;C:\Program Files\JetBrains\IntelliJ IDEA 2024.1.4\bin;C:\Program Files\JetBrains\IntelliJ IDEA Community Edition 2024.2.0.2\bin;C:\Users\Pratiush\AppData\Local\Microsoft\WindowsApps;C:\Users\Pratiush\AppData\Local\Programs\cursor\resources\app\bin;C:\Users\Pratiush\AppData\Roaming\npm;C:\Users\Pratiush\AppData\Roaming\Python\Python313\Scripts;C:\Users\Pratiush\AppData\Local\Programs\Antigravity\bin;C:\Users\Pratiush\go\bin;C:\Users\Pratiush\.cargo\bin;C:\Users\Pratiush\.local\bin;C:\Users\Pratiush\AppData\Local\Programs\Windsurf\bin;C:\Users\Pratiush\AppData\Local\Programs\codecrafters;C:\Program Files\JetBrains\WebStorm 2025.3.3\bin
USERNAME=Pratiush
OS=Windows_NT
PROCESSOR_IDENTIFIER=AMD64 Family 25 Model 80 Stepping 0, AuthenticAMD
TMP=C:\Users\Pratiush\AppData\Local\Temp
TEMP=C:\Users\Pratiush\AppData\Local\Temp




Periodic native trim disabled

---------------  S Y S T E M  ---------------

OS:
 Windows 11 , 64 bit Build 26100 (10.0.26100.7920)
OS uptime: 4 days 5:46 hours
Hyper-V role detected

CPU: total 12 (initial active 12) (12 cores per cpu, 2 threads per core) family 25 model 80 stepping 0 microcode 0xa500014, cx8, cmov, fxsr, ht, mmx, 3dnowpref, sse, sse2, sse3, ssse3, sse4a, sse4.1, sse4.2, popcnt, lzcnt, tsc, tscinvbit, avx, avx2, aes, erms, clmul, bmi1, bmi2, adx, sha, fma, vzeroupper, clflush, clflushopt, hv, rdtscp, rdpid, fsrm, f16c, cet_ss
Processor Information for the first 12 processors :
  Max Mhz: 2301, Current Mhz: 1904, Mhz Limit: 2301

Memory: 4k page, system-wide physical 7528M (1052M free)
TotalPageFile size 31080M (AvailPageFile size 48M)
current process WorkingSet (physical memory assigned to process): 26M, peak: 26M
current process commit charge ("private bytes"): 210M, peak: 211M

vm_info: OpenJDK 64-Bit Server VM (21.0.10+7-LTS) for windows-amd64 JRE (21.0.10+7-LTS), built on 2026-01-20T00:00:00Z by "admin" with MS VC++ 17.12 (VS2022)

END.
