#
# There is insufficient memory for the Java Runtime Environment to continue.
# Native memory allocation (malloc) failed to allocate 1048576 bytes. Error detail: AllocateHeap
# Possible reasons:
#   The system is out of physical RAM or swap space
#   This process is running with CompressedOops enabled, and the Java Heap may be blocking the growth of the native heap
# Possible solutions:
#   Reduce memory load on the system
#   Increase physical memory or swap space
#   Check if swap backing store is full
#   Decrease Java heap size (-Xmx/-Xms)
#   Decrease number of Java threads
#   Decrease Java thread stack sizes (-Xss)
#   Set larger code cache with -XX:ReservedCodeCacheSize=
#   JVM is running with Unscaled Compressed Oops mode in which the Java heap is
#     placed in the first 4GB address space. The Java Heap base address is the
#     maximum limit for the native heap growth. Please use -XX:HeapBaseMinAddress
#     to set the Java Heap base and to place the Java Heap above 4GB virtual address.
# This output file may be truncated or incomplete.
#
#  Out of Memory Error (allocation.cpp:44), pid=5360, tid=6392
#
# JRE version: OpenJDK Runtime Environment Temurin-21.0.10+7 (21.0.10+7) (build 21.0.10+7-LTS)
# Java VM: OpenJDK 64-Bit Server VM Temurin-21.0.10+7 (21.0.10+7-LTS, mixed mode, sharing, tiered, compressed oops, compressed class ptrs, parallel gc, windows-amd64)
# No core dump will be written. Minidumps are not enabled by default on client versions of Windows
#

---------------  S U M M A R Y ------------

Command Line: --add-modules=ALL-SYSTEM --add-opens=java.base/java.util=ALL-UNNAMED --add-opens=java.base/java.lang=ALL-UNNAMED --add-opens=java.base/sun.nio.fs=ALL-UNNAMED -Declipse.application=org.eclipse.jdt.ls.core.id1 -Dosgi.bundles.defaultStartLevel=4 -Declipse.product=org.eclipse.jdt.ls.core.product -Djava.import.generatesMetadataFilesAtProjectRoot=false -DDetectVMInstallationsJob.disabled=true -Dfile.encoding=utf8 -XX:+UseParallelGC -XX:GCTimeRatio=4 -XX:AdaptiveSizePolicyWeight=90 -Dsun.zip.disableMemoryMapping=true -Xmx2G -Xms100m -Xlog:disable -javaagent:c:\Users\Pratiush\.antigravity\extensions\redhat.java-1.53.0-win32-x64\lombok\lombok-1.18.39-4050.jar -XX:+HeapDumpOnOutOfMemoryError -XX:HeapDumpPath=c:\Users\Pratiush\AppData\Roaming\Antigravity\User\workspaceStorage\d2ea640c3a926e11886aa29436757f93\redhat.java -Daether.dependencyCollector.impl=bf c:\Users\Pratiush\.antigravity\extensions\redhat.java-1.53.0-win32-x64\server\plugins\org.eclipse.equinox.launcher_1.7.100.v20251111-0406.jar -configuration c:\Users\Pratiush\AppData\Roaming\Antigravity\User\globalStorage\redhat.java\1.53.0\config_win -data c:\Users\Pratiush\AppData\Roaming\Antigravity\User\workspaceStorage\d2ea640c3a926e11886aa29436757f93\redhat.java\jdt_ws --pipe=\\.\pipe\lsp-785e9b06b23279e7aefd28687225c74a-sock

Host: AMD Ryzen 5 5625U with Radeon Graphics         , 12 cores, 7G,  Windows 11 , 64 bit Build 26100 (10.0.26100.7920)
Time: Tue Mar 31 12:48:45 2026 India Standard Time elapsed time: 431.994812 seconds (0d 0h 7m 11s)

---------------  T H R E A D  ---------------

Current thread (0x00000244341db030):  JavaThread "Attach Listener" daemon [_thread_in_vm, id=6392, stack(0x000000f813d00000,0x000000f813e00000) (1024K)]

Stack: [0x000000f813d00000,0x000000f813e00000]
Native frames: (J=compiled Java code, j=interpreted, Vv=VM code, C=native code)
V  [jvm.dll+0x6d7a39]
V  [jvm.dll+0x8b4b26]
V  [jvm.dll+0x8b70de]
V  [jvm.dll+0x8b77c3]
V  [jvm.dll+0x284346]
V  [jvm.dll+0xc1277]
V  [jvm.dll+0x6d82e9]
V  [jvm.dll+0x1334a6]
V  [jvm.dll+0x3f857e]
V  [jvm.dll+0x85f59d]
V  [jvm.dll+0x6d626d]
C  [ucrtbase.dll+0x37b0]
C  [KERNEL32.DLL+0x2e8d7]
C  [ntdll.dll+0x8c48c]


---------------  P R O C E S S  ---------------

Threads class SMR info:
_java_thread_list=0x000002449843aca0, length=43, elements={
0x0000024431dab230, 0x000002444abdc6d0, 0x00000244341d4780, 0x00000244341d8f50,
0x00000244341db030, 0x00000244341da310, 0x00000244341dbd50, 0x000002448d0366d0,
0x000002448d0408c0, 0x00000244341dd100, 0x00000244341dca70, 0x00000244341d9c80,
0x00000244341da9a0, 0x00000244341db6c0, 0x00000244341dc3e0, 0x000002449300b300,
0x000002449300ac70, 0x000002449300a5e0, 0x000002449300b990, 0x0000024493008ba0,
0x000002449300c6b0, 0x0000024493009230, 0x00000244930098c0, 0x0000024493009f50,
0x000002449300fb30, 0x000002449300da60, 0x000002449300d3d0, 0x000002449300e0f0,
0x00000244930101c0, 0x000002449300e780, 0x000002449300f4a0, 0x000002449300ee10,
0x00000244954cd900, 0x00000244954ce620, 0x00000244954cf340, 0x00000244954cecb0,
0x00000244954cd270, 0x00000244954d34e0, 0x00000244954d2130, 0x00000244954d0060,
0x00000244954d4200, 0x00000244954d0d80, 0x0000024494d15920
}

Java Threads: ( => current thread )
  0x0000024431dab230 JavaThread "main"                              [_thread_blocked, id=22392, stack(0x000000f813600000,0x000000f813700000) (1024K)]
  0x000002444abdc6d0 JavaThread "Reference Handler"          daemon [_thread_blocked, id=17248, stack(0x000000f813a00000,0x000000f813b00000) (1024K)]
  0x00000244341d4780 JavaThread "Finalizer"                  daemon [_thread_blocked, id=17788, stack(0x000000f813b00000,0x000000f813c00000) (1024K)]
  0x00000244341d8f50 JavaThread "Signal Dispatcher"          daemon [_thread_blocked, id=17456, stack(0x000000f813c00000,0x000000f813d00000) (1024K)]
=>0x00000244341db030 JavaThread "Attach Listener"            daemon [_thread_in_vm, id=6392, stack(0x000000f813d00000,0x000000f813e00000) (1024K)]
  0x00000244341da310 JavaThread "Service Thread"             daemon [_thread_blocked, id=19472, stack(0x000000f813e00000,0x000000f813f00000) (1024K)]
  0x00000244341dbd50 JavaThread "Monitor Deflation Thread"   daemon [_thread_blocked, id=11616, stack(0x000000f813f00000,0x000000f814000000) (1024K)]
  0x000002448d0366d0 JavaThread "C2 CompilerThread0"         daemon [_thread_blocked, id=18368, stack(0x000000f814000000,0x000000f814100000) (1024K)]
  0x000002448d0408c0 JavaThread "C1 CompilerThread0"         daemon [_thread_blocked, id=33652, stack(0x000000f814100000,0x000000f814200000) (1024K)]
  0x00000244341dd100 JavaThread "Common-Cleaner"             daemon [_thread_blocked, id=34764, stack(0x000000f814200000,0x000000f814300000) (1024K)]
  0x00000244341dca70 JavaThread "Notification Thread"        daemon [_thread_blocked, id=16604, stack(0x000000f814400000,0x000000f814500000) (1024K)]
  0x00000244341d9c80 JavaThread "Active Thread: Equinox Container: 02ab5e0f-3cd0-4702-a475-4c8b9718d51d"        [_thread_blocked, id=13480, stack(0x000000f814b00000,0x000000f814c00000) (1024K)]
  0x00000244341da9a0 JavaThread "Refresh Thread: Equinox Container: 02ab5e0f-3cd0-4702-a475-4c8b9718d51d" daemon [_thread_blocked, id=6592, stack(0x000000f814300000,0x000000f814400000) (1024K)]
  0x00000244341db6c0 JavaThread "Framework Event Dispatcher: Equinox Container: 02ab5e0f-3cd0-4702-a475-4c8b9718d51d" daemon [_thread_blocked, id=7828, stack(0x000000f814d00000,0x000000f814e00000) (1024K)]
  0x00000244341dc3e0 JavaThread "Start Level: Equinox Container: 02ab5e0f-3cd0-4702-a475-4c8b9718d51d" daemon [_thread_blocked, id=23664, stack(0x000000f814e00000,0x000000f814f00000) (1024K)]
  0x000002449300b300 JavaThread "Bundle File Closer"         daemon [_thread_blocked, id=29516, stack(0x000000f815200000,0x000000f815300000) (1024K)]
  0x000002449300ac70 JavaThread "SCR Component Actor"        daemon [_thread_blocked, id=33480, stack(0x000000f814f00000,0x000000f815000000) (1024K)]
  0x000002449300a5e0 JavaThread "Worker-JM"                         [_thread_blocked, id=23764, stack(0x000000f815500000,0x000000f815600000) (1024K)]
  0x000002449300b990 JavaThread "JNA Cleaner"                daemon [_thread_blocked, id=19092, stack(0x000000f815400000,0x000000f815500000) (1024K)]
  0x0000024493008ba0 JavaThread "Worker-1"                          [_thread_blocked, id=27528, stack(0x000000f815600000,0x000000f815700000) (1024K)]
  0x000002449300c6b0 JavaThread "Java indexing"              daemon [_thread_blocked, id=16064, stack(0x000000f815800000,0x000000f815900000) (1024K)]
  0x0000024493009230 JavaThread "Worker-2"                          [_thread_blocked, id=11288, stack(0x000000f815900000,0x000000f815a00000) (1024K)]
  0x00000244930098c0 JavaThread "Thread-1"                   daemon [_thread_in_native, id=32032, stack(0x000000f815e00000,0x000000f815f00000) (1024K)]
  0x0000024493009f50 JavaThread "Thread-2"                   daemon [_thread_in_native, id=35360, stack(0x000000f815f00000,0x000000f816000000) (1024K)]
  0x000002449300fb30 JavaThread "Thread-3"                   daemon [_thread_in_native, id=22764, stack(0x000000f816000000,0x000000f816100000) (1024K)]
  0x000002449300da60 JavaThread "Thread-4"                   daemon [_thread_in_native, id=34868, stack(0x000000f816100000,0x000000f816200000) (1024K)]
  0x000002449300d3d0 JavaThread "Thread-5"                   daemon [_thread_in_native, id=20688, stack(0x000000f816200000,0x000000f816300000) (1024K)]
  0x000002449300e0f0 JavaThread "Thread-6"                   daemon [_thread_in_native, id=8912, stack(0x000000f816300000,0x000000f816400000) (1024K)]
  0x00000244930101c0 JavaThread "Thread-7"                   daemon [_thread_in_native, id=30056, stack(0x000000f816400000,0x000000f816500000) (1024K)]
  0x000002449300e780 JavaThread "Thread-8"                   daemon [_thread_in_native, id=16492, stack(0x000000f816500000,0x000000f816600000) (1024K)]
  0x000002449300f4a0 JavaThread "Thread-9"                   daemon [_thread_in_native, id=15748, stack(0x000000f816600000,0x000000f816700000) (1024K)]
  0x000002449300ee10 JavaThread "Thread-10"                  daemon [_thread_in_native, id=23276, stack(0x000000f816700000,0x000000f816800000) (1024K)]
  0x00000244954cd900 JavaThread "Thread-11"                  daemon [_thread_in_native, id=23812, stack(0x000000f816800000,0x000000f816900000) (1024K)]
  0x00000244954ce620 JavaThread "Thread-12"                  daemon [_thread_in_native, id=25752, stack(0x000000f816900000,0x000000f816a00000) (1024K)]
  0x00000244954cf340 JavaThread "Thread-13"                  daemon [_thread_in_native, id=37872, stack(0x000000f816a00000,0x000000f816b00000) (1024K)]
  0x00000244954cecb0 JavaThread "pool-2-thread-1"                   [_thread_blocked, id=15632, stack(0x000000f816b00000,0x000000f816c00000) (1024K)]
  0x00000244954cd270 JavaThread "WorkspaceEventsHandler"            [_thread_blocked, id=25436, stack(0x000000f816d00000,0x000000f816e00000) (1024K)]
  0x00000244954d34e0 JavaThread "pool-1-thread-1"                   [_thread_blocked, id=17320, stack(0x000000f816e00000,0x000000f816f00000) (1024K)]
  0x00000244954d2130 JavaThread "ForkJoinPool.commonPool-worker-1" daemon [_thread_blocked, id=15356, stack(0x000000f816f00000,0x000000f817000000) (1024K)]
  0x00000244954d0060 JavaThread "ForkJoinPool.commonPool-worker-6" daemon [_thread_blocked, id=32892, stack(0x000000f817400000,0x000000f817500000) (1024K)]
  0x00000244954d4200 JavaThread "ForkJoinPool.commonPool-worker-7" daemon [_thread_blocked, id=34924, stack(0x000000f817600000,0x000000f817700000) (1024K)]
  0x00000244954d0d80 JavaThread "ForkJoinPool.commonPool-worker-10" daemon [_thread_blocked, id=36960, stack(0x000000f817700000,0x000000f817800000) (1024K)]
  0x0000024494d15920 JavaThread "ForkJoinPool.commonPool-worker-11" daemon [_thread_blocked, id=15104, stack(0x000000f817900000,0x000000f817a00000) (1024K)]
Total: 43

Other Threads:
  0x00000244341d2c10 VMThread "VM Thread"                           [id=31492, stack(0x000000f813900000,0x000000f813a00000) (1024K)]
  0x000002444aabc210 WatcherThread "VM Periodic Task Thread"        [id=16448, stack(0x000000f813800000,0x000000f813900000) (1024K)]
  0x000002443414dd80 WorkerThread "GC Thread#0"                     [id=2988, stack(0x000000f813700000,0x000000f813800000) (1024K)]
  0x00000244924ae230 WorkerThread "GC Thread#1"                     [id=21196, stack(0x000000f814500000,0x000000f814600000) (1024K)]
  0x00000244922d5f30 WorkerThread "GC Thread#2"                     [id=35204, stack(0x000000f814600000,0x000000f814700000) (1024K)]
  0x00000244922d62e0 WorkerThread "GC Thread#3"                     [id=32332, stack(0x000000f814700000,0x000000f814800000) (1024K)]
  0x00000244927f8430 WorkerThread "GC Thread#4"                     [id=22444, stack(0x000000f814800000,0x000000f814900000) (1024K)]
  0x00000244927f87e0 WorkerThread "GC Thread#5"                     [id=21492, stack(0x000000f814900000,0x000000f814a00000) (1024K)]
  0x00000244927f8b90 WorkerThread "GC Thread#6"                     [id=8044, stack(0x000000f814a00000,0x000000f814b00000) (1024K)]
  0x00000244929691b0 WorkerThread "GC Thread#7"                     [id=23364, stack(0x000000f814c00000,0x000000f814d00000) (1024K)]
  0x0000024492cbab40 WorkerThread "GC Thread#8"                     [id=14160, stack(0x000000f815000000,0x000000f815100000) (1024K)]
  0x0000024492bb5460 WorkerThread "GC Thread#9"                     [id=9144, stack(0x000000f815100000,0x000000f815200000) (1024K)]
Total: 12

Threads with active compile tasks:
Total: 0

VM state: not at safepoint (normal execution)

VM Mutex/Monitor currently owned by a thread: None

Heap address: 0x0000000080000000, size: 2048 MB, Compressed Oops mode: 32-bit

CDS archive(s) mapped at: [0x000002444b000000-0x000002444bba0000-0x000002444bba0000), size 12189696, SharedBaseAddress: 0x000002444b000000, ArchiveRelocationMode: 1.
Compressed class space mapped at: 0x000002444c000000-0x000002448c000000, reserved size: 1073741824
Narrow klass base: 0x000002444b000000, Narrow klass shift: 0, Narrow klass range: 0x100000000

GC Precious Log:
 CardTable entry size: 512
 CPUs: 12 total, 12 available
 Memory: 7528M
 Large Page Support: Disabled
 NUMA Support: Disabled
 Compressed Oops: Enabled (32-bit)
 Alignments: Space 512K, Generation 512K, Heap 2M
 Heap Min Capacity: 100M
 Heap Initial Capacity: 100M
 Heap Max Capacity: 2G
 Pre-touch: Disabled
 Parallel Workers: 10

Heap:
 PSYoungGen      total 9728K, used 4406K [0x00000000d5580000, 0x00000000d6080000, 0x0000000100000000)
  eden space 8704K, 42% used [0x00000000d5580000,0x00000000d5925a10,0x00000000d5e00000)
  from space 1024K, 65% used [0x00000000d5e00000,0x00000000d5ea8000,0x00000000d5f00000)
  to   space 1024K, 0% used [0x00000000d5f80000,0x00000000d5f80000,0x00000000d6080000)
 ParOldGen       total 147968K, used 147903K [0x0000000080000000, 0x0000000089080000, 0x00000000d5580000)
  object space 147968K, 99% used [0x0000000080000000,0x000000008906fe68,0x0000000089080000)
 Metaspace       used 66154K, committed 67712K, reserved 1114112K
  class space    used 6721K, committed 7360K, reserved 1048576K

Card table byte_map: [0x0000024433ad0000,0x0000024433ee0000] _byte_map_base: 0x00000244336d0000

Marking Bits: (ParMarkBitMap*) 0x00007ffc70073450
 Begin Bits: [0x00000244465e0000, 0x00000244485e0000)
 End Bits:   [0x00000244485e0000, 0x000002444a5e0000)

Polling page: 0x0000024431fe0000

Metaspace:

Usage:
  Non-class:     58.04 MB used.
      Class:      6.56 MB used.
       Both:     64.60 MB used.

Virtual space:
  Non-class space:       64.00 MB reserved,      58.94 MB ( 92%) committed,  1 nodes.
      Class space:        1.00 GB reserved,       7.19 MB ( <1%) committed,  1 nodes.
             Both:        1.06 GB reserved,      66.12 MB (  6%) committed. 

Chunk freelists:
   Non-Class:  4.41 MB
       Class:  8.84 MB
        Both:  13.26 MB

MaxMetaspaceSize: unlimited
CompressedClassSpaceSize: 1.00 GB
Initial GC threshold: 21.00 MB
Current GC threshold: 97.31 MB
CDS: on
 - commit_granule_bytes: 65536.
 - commit_granule_words: 8192.
 - virtual_space_node_default_size: 8388608.
 - enlarge_chunks_in_place: 1.
 - use_allocation_guard: 0.


Internal statistics:

num_allocs_failed_limit: 9.
num_arena_births: 1324.
num_arena_deaths: 14.
num_vsnodes_births: 2.
num_vsnodes_deaths: 0.
num_space_committed: 1058.
num_space_uncommitted: 0.
num_chunks_returned_to_freelist: 23.
num_chunks_taken_from_freelist: 4470.
num_chunk_merges: 14.
num_chunk_splits: 2759.
num_chunks_enlarged: 1575.
num_inconsistent_stats: 0.

CodeHeap 'non-profiled nmethods': size=120000Kb used=10599Kb max_used=10599Kb free=109400Kb
 bounds [0x000002443ee00000, 0x000002443f860000, 0x0000024446330000]
CodeHeap 'profiled nmethods': size=120000Kb used=33447Kb max_used=33447Kb free=86553Kb
 bounds [0x0000024437330000, 0x00000244393e0000, 0x000002443e860000]
CodeHeap 'non-nmethods': size=5760Kb used=1423Kb max_used=1604Kb free=4336Kb
 bounds [0x000002443e860000, 0x000002443ead0000, 0x000002443ee00000]
CodeCache: size=245760Kb, used=45469Kb, max_used=45650Kb, free=200289Kb
 total_blobs=14808, nmethods=14074, adapters=637, full_count=0
Compilation: enabled, stopped_count=0, restarted_count=0

Compilation events (20 events):
Event: 172.880 Thread 0x000002448d0408c0 nmethod 14901 0x00000244393d7190 code [0x00000244393d7340, 0x00000244393d74b0]
Event: 172.882 Thread 0x000002449bd89580 nmethod 14897 0x000002443f84f910 code [0x000002443f84fb00, 0x000002443f850508]
Event: 172.882 Thread 0x000002449bd89580 14899       4       org.eclipse.jdt.ls.core.internal.filesystem.JLSFsUtils::shouldStoreInMetadataArea (73 bytes)
Event: 172.886 Thread 0x000002449bd8cc00 nmethod 14898 0x000002443f850b10 code [0x000002443f850d80, 0x000002443f851860]
Event: 172.907 Thread 0x000002448d0366d0 nmethod 14884 0x000002443f851f10 code [0x000002443f8523a0, 0x000002443f855740]
Event: 172.916 Thread 0x000002449bd89580 nmethod 14899 0x000002443f857910 code [0x000002443f857c80, 0x000002443f858c40]
Event: 207.936 Thread 0x000002448d0366d0 14903       4       jdk.internal.misc.Unsafe::checkPointer (19 bytes)
Event: 207.938 Thread 0x000002448d0366d0 nmethod 14903 0x000002443f859a10 code [0x000002443f859ba0, 0x000002443f859c60]
Event: 305.735 Thread 0x000002448d0408c0 14905       3       org.eclipse.core.internal.dtree.AbstractDataTreeNode::storeStrings (42 bytes)
Event: 305.735 Thread 0x000002448d0408c0 nmethod 14905 0x00000244393d7590 code [0x00000244393d7760, 0x00000244393d7ad8]
Event: 305.735 Thread 0x000002448d0408c0 14904       3       org.eclipse.core.internal.dtree.DataTreeNode::storeStrings (28 bytes)
Event: 305.736 Thread 0x000002448d0408c0 nmethod 14904 0x00000244393d7c90 code [0x00000244393d7e60, 0x00000244393d82e0]
Event: 305.736 Thread 0x000002448d0408c0 14908       3       org.eclipse.core.internal.utils.StringPool::add (50 bytes)
Event: 305.736 Thread 0x000002448d0408c0 nmethod 14908 0x00000244393d8410 code [0x00000244393d8600, 0x00000244393d8ad0]
Event: 305.736 Thread 0x000002448d0408c0 14907       3       java.util.HashMap$Node::setValue (12 bytes)
Event: 305.736 Thread 0x000002448d0408c0 nmethod 14907 0x00000244393d8c90 code [0x00000244393d8e20, 0x00000244393d8f48]
Event: 305.736 Thread 0x000002448d0408c0 14906       3       org.eclipse.core.internal.resources.ResourceInfo::shareStrings (43 bytes)
Event: 305.737 Thread 0x000002448d0408c0 nmethod 14906 0x00000244393d9010 code [0x00000244393d91e0, 0x00000244393d9460]
Event: 339.947 Thread 0x000002448d0408c0 14909       3       java.util.concurrent.locks.AbstractQueuedSynchronizer$ConditionObject::canReacquire (38 bytes)
Event: 339.950 Thread 0x000002448d0408c0 nmethod 14909 0x00000244393d9590 code [0x00000244393d9760, 0x00000244393d9aa8]

GC Heap History (20 events):
Event: 32.074 GC heap before
{Heap before GC invocations=135 (full 3):
 PSYoungGen      total 12800K, used 12788K [0x00000000d5580000, 0x00000000d6500000, 0x0000000100000000)
  eden space 11776K, 100% used [0x00000000d5580000,0x00000000d6100000,0x00000000d6100000)
  from space 1024K, 98% used [0x00000000d6180000,0x00000000d627d200,0x00000000d6280000)
  to   space 2048K, 0% used [0x00000000d6300000,0x00000000d6300000,0x00000000d6500000)
 ParOldGen       total 138752K, used 138442K [0x0000000080000000, 0x0000000088780000, 0x00000000d5580000)
  object space 138752K, 99% used [0x0000000080000000,0x0000000088732ba0,0x0000000088780000)
 Metaspace       used 65883K, committed 67520K, reserved 1114112K
  class space    used 6708K, committed 7360K, reserved 1048576K
}
Event: 32.077 GC heap after
{Heap after GC invocations=135 (full 3):
 PSYoungGen      total 12288K, used 2040K [0x00000000d5580000, 0x00000000d6800000, 0x0000000100000000)
  eden space 10240K, 0% used [0x00000000d5580000,0x00000000d5580000,0x00000000d5f80000)
  from space 2048K, 99% used [0x00000000d6300000,0x00000000d64fe1e0,0x00000000d6500000)
  to   space 3584K, 0% used [0x00000000d5f80000,0x00000000d5f80000,0x00000000d6300000)
 ParOldGen       total 139776K, used 139493K [0x0000000080000000, 0x0000000088880000, 0x00000000d5580000)
  object space 139776K, 99% used [0x0000000080000000,0x0000000088839570,0x0000000088880000)
 Metaspace       used 65883K, committed 67520K, reserved 1114112K
  class space    used 6708K, committed 7360K, reserved 1048576K
}
Event: 32.139 GC heap before
{Heap before GC invocations=136 (full 3):
 PSYoungGen      total 12288K, used 12280K [0x00000000d5580000, 0x00000000d6800000, 0x0000000100000000)
  eden space 10240K, 100% used [0x00000000d5580000,0x00000000d5f80000,0x00000000d5f80000)
  from space 2048K, 99% used [0x00000000d6300000,0x00000000d64fe1e0,0x00000000d6500000)
  to   space 3584K, 0% used [0x00000000d5f80000,0x00000000d5f80000,0x00000000d6300000)
 ParOldGen       total 139776K, used 139493K [0x0000000080000000, 0x0000000088880000, 0x00000000d5580000)
  object space 139776K, 99% used [0x0000000080000000,0x0000000088839570,0x0000000088880000)
 Metaspace       used 65904K, committed 67520K, reserved 1114112K
  class space    used 6708K, committed 7360K, reserved 1048576K
}
Event: 32.142 GC heap after
{Heap after GC invocations=136 (full 3):
 PSYoungGen      total 11776K, used 1300K [0x00000000d5580000, 0x00000000d6380000, 0x0000000100000000)
  eden space 10240K, 0% used [0x00000000d5580000,0x00000000d5580000,0x00000000d5f80000)
  from space 1536K, 84% used [0x00000000d5f80000,0x00000000d60c5200,0x00000000d6100000)
  to   space 2048K, 0% used [0x00000000d6180000,0x00000000d6180000,0x00000000d6380000)
 ParOldGen       total 141312K, used 141039K [0x0000000080000000, 0x0000000088a00000, 0x00000000d5580000)
  object space 141312K, 99% used [0x0000000080000000,0x00000000889bbda8,0x0000000088a00000)
 Metaspace       used 65904K, committed 67520K, reserved 1114112K
  class space    used 6708K, committed 7360K, reserved 1048576K
}
Event: 32.217 GC heap before
{Heap before GC invocations=137 (full 3):
 PSYoungGen      total 11776K, used 11540K [0x00000000d5580000, 0x00000000d6380000, 0x0000000100000000)
  eden space 10240K, 100% used [0x00000000d5580000,0x00000000d5f80000,0x00000000d5f80000)
  from space 1536K, 84% used [0x00000000d5f80000,0x00000000d60c5200,0x00000000d6100000)
  to   space 2048K, 0% used [0x00000000d6180000,0x00000000d6180000,0x00000000d6380000)
 ParOldGen       total 141312K, used 141039K [0x0000000080000000, 0x0000000088a00000, 0x00000000d5580000)
  object space 141312K, 99% used [0x0000000080000000,0x00000000889bbda8,0x0000000088a00000)
 Metaspace       used 65910K, committed 67520K, reserved 1114112K
  class space    used 6708K, committed 7360K, reserved 1048576K
}
Event: 32.220 GC heap after
{Heap after GC invocations=137 (full 3):
 PSYoungGen      total 11776K, used 1078K [0x00000000d5580000, 0x00000000d6300000, 0x0000000100000000)
  eden space 10240K, 0% used [0x00000000d5580000,0x00000000d5580000,0x00000000d5f80000)
  from space 1536K, 70% used [0x00000000d6180000,0x00000000d628da18,0x00000000d6300000)
  to   space 1536K, 0% used [0x00000000d5f80000,0x00000000d5f80000,0x00000000d6100000)
 ParOldGen       total 142336K, used 142214K [0x0000000080000000, 0x0000000088b00000, 0x00000000d5580000)
  object space 142336K, 99% used [0x0000000080000000,0x0000000088ae1a18,0x0000000088b00000)
 Metaspace       used 65910K, committed 67520K, reserved 1114112K
  class space    used 6708K, committed 7360K, reserved 1048576K
}
Event: 32.356 GC heap before
{Heap before GC invocations=138 (full 3):
 PSYoungGen      total 11776K, used 11318K [0x00000000d5580000, 0x00000000d6300000, 0x0000000100000000)
  eden space 10240K, 100% used [0x00000000d5580000,0x00000000d5f80000,0x00000000d5f80000)
  from space 1536K, 70% used [0x00000000d6180000,0x00000000d628da18,0x00000000d6300000)
  to   space 1536K, 0% used [0x00000000d5f80000,0x00000000d5f80000,0x00000000d6100000)
 ParOldGen       total 142336K, used 142214K [0x0000000080000000, 0x0000000088b00000, 0x00000000d5580000)
  object space 142336K, 99% used [0x0000000080000000,0x0000000088ae1a18,0x0000000088b00000)
 Metaspace       used 65998K, committed 67584K, reserved 1114112K
  class space    used 6715K, committed 7360K, reserved 1048576K
}
Event: 32.358 GC heap after
{Heap after GC invocations=138 (full 3):
 PSYoungGen      total 11776K, used 688K [0x00000000d5580000, 0x00000000d6200000, 0x0000000100000000)
  eden space 10240K, 0% used [0x00000000d5580000,0x00000000d5580000,0x00000000d5f80000)
  from space 1536K, 44% used [0x00000000d5f80000,0x00000000d602c010,0x00000000d6100000)
  to   space 1024K, 0% used [0x00000000d6100000,0x00000000d6100000,0x00000000d6200000)
 ParOldGen       total 143360K, used 143035K [0x0000000080000000, 0x0000000088c00000, 0x00000000d5580000)
  object space 143360K, 99% used [0x0000000080000000,0x0000000088baecc8,0x0000000088c00000)
 Metaspace       used 65998K, committed 67584K, reserved 1114112K
  class space    used 6715K, committed 7360K, reserved 1048576K
}
Event: 32.436 GC heap before
{Heap before GC invocations=139 (full 3):
 PSYoungGen      total 11776K, used 10928K [0x00000000d5580000, 0x00000000d6200000, 0x0000000100000000)
  eden space 10240K, 100% used [0x00000000d5580000,0x00000000d5f80000,0x00000000d5f80000)
  from space 1536K, 44% used [0x00000000d5f80000,0x00000000d602c010,0x00000000d6100000)
  to   space 1024K, 0% used [0x00000000d6100000,0x00000000d6100000,0x00000000d6200000)
 ParOldGen       total 143360K, used 143035K [0x0000000080000000, 0x0000000088c00000, 0x00000000d5580000)
  object space 143360K, 99% used [0x0000000080000000,0x0000000088baecc8,0x0000000088c00000)
 Metaspace       used 66089K, committed 67648K, reserved 1114112K
  class space    used 6717K, committed 7360K, reserved 1048576K
}
Event: 32.438 GC heap after
{Heap after GC invocations=139 (full 3):
 PSYoungGen      total 10752K, used 1012K [0x00000000d5580000, 0x00000000d6380000, 0x0000000100000000)
  eden space 9728K, 0% used [0x00000000d5580000,0x00000000d5580000,0x00000000d5f00000)
  from space 1024K, 98% used [0x00000000d6100000,0x00000000d61fd220,0x00000000d6200000)
  to   space 2048K, 0% used [0x00000000d5f00000,0x00000000d5f00000,0x00000000d6100000)
 ParOldGen       total 143872K, used 143659K [0x0000000080000000, 0x0000000088c80000, 0x00000000d5580000)
  object space 143872K, 99% used [0x0000000080000000,0x0000000088c4ae80,0x0000000088c80000)
 Metaspace       used 66089K, committed 67648K, reserved 1114112K
  class space    used 6717K, committed 7360K, reserved 1048576K
}
Event: 32.467 GC heap before
{Heap before GC invocations=140 (full 3):
 PSYoungGen      total 10752K, used 10740K [0x00000000d5580000, 0x00000000d6380000, 0x0000000100000000)
  eden space 9728K, 100% used [0x00000000d5580000,0x00000000d5f00000,0x00000000d5f00000)
  from space 1024K, 98% used [0x00000000d6100000,0x00000000d61fd220,0x00000000d6200000)
  to   space 2048K, 0% used [0x00000000d5f00000,0x00000000d5f00000,0x00000000d6100000)
 ParOldGen       total 143872K, used 143659K [0x0000000080000000, 0x0000000088c80000, 0x00000000d5580000)
  object space 143872K, 99% used [0x0000000080000000,0x0000000088c4ae80,0x0000000088c80000)
 Metaspace       used 66095K, committed 67648K, reserved 1114112K
  class space    used 6718K, committed 7360K, reserved 1048576K
}
Event: 32.469 GC heap after
{Heap after GC invocations=140 (full 3):
 PSYoungGen      total 10752K, used 768K [0x00000000d5580000, 0x00000000d6200000, 0x0000000100000000)
  eden space 9728K, 0% used [0x00000000d5580000,0x00000000d5580000,0x00000000d5f00000)
  from space 1024K, 75% used [0x00000000d5f00000,0x00000000d5fc0040,0x00000000d6000000)
  to   space 1536K, 0% used [0x00000000d6080000,0x00000000d6080000,0x00000000d6200000)
 ParOldGen       total 144896K, used 144661K [0x0000000080000000, 0x0000000088d80000, 0x00000000d5580000)
  object space 144896K, 99% used [0x0000000080000000,0x0000000088d454a0,0x0000000088d80000)
 Metaspace       used 66095K, committed 67648K, reserved 1114112K
  class space    used 6718K, committed 7360K, reserved 1048576K
}
Event: 32.507 GC heap before
{Heap before GC invocations=141 (full 3):
 PSYoungGen      total 10752K, used 10496K [0x00000000d5580000, 0x00000000d6200000, 0x0000000100000000)
  eden space 9728K, 100% used [0x00000000d5580000,0x00000000d5f00000,0x00000000d5f00000)
  from space 1024K, 75% used [0x00000000d5f00000,0x00000000d5fc0040,0x00000000d6000000)
  to   space 1536K, 0% used [0x00000000d6080000,0x00000000d6080000,0x00000000d6200000)
 ParOldGen       total 144896K, used 144661K [0x0000000080000000, 0x0000000088d80000, 0x00000000d5580000)
  object space 144896K, 99% used [0x0000000080000000,0x0000000088d454a0,0x0000000088d80000)
 Metaspace       used 66107K, committed 67648K, reserved 1114112K
  class space    used 6718K, committed 7360K, reserved 1048576K
}
Event: 32.509 GC heap after
{Heap after GC invocations=141 (full 3):
 PSYoungGen      total 11264K, used 1130K [0x00000000d5580000, 0x00000000d6200000, 0x0000000100000000)
  eden space 9728K, 0% used [0x00000000d5580000,0x00000000d5580000,0x00000000d5f00000)
  from space 1536K, 73% used [0x00000000d6080000,0x00000000d619a910,0x00000000d6200000)
  to   space 1536K, 0% used [0x00000000d5f00000,0x00000000d5f00000,0x00000000d6080000)
 ParOldGen       total 145408K, used 145341K [0x0000000080000000, 0x0000000088e00000, 0x00000000d5580000)
  object space 145408K, 99% used [0x0000000080000000,0x0000000088def520,0x0000000088e00000)
 Metaspace       used 66107K, committed 67648K, reserved 1114112K
  class space    used 6718K, committed 7360K, reserved 1048576K
}
Event: 32.533 GC heap before
{Heap before GC invocations=142 (full 3):
 PSYoungGen      total 11264K, used 10858K [0x00000000d5580000, 0x00000000d6200000, 0x0000000100000000)
  eden space 9728K, 100% used [0x00000000d5580000,0x00000000d5f00000,0x00000000d5f00000)
  from space 1536K, 73% used [0x00000000d6080000,0x00000000d619a910,0x00000000d6200000)
  to   space 1536K, 0% used [0x00000000d5f00000,0x00000000d5f00000,0x00000000d6080000)
 ParOldGen       total 145408K, used 145341K [0x0000000080000000, 0x0000000088e00000, 0x00000000d5580000)
  object space 145408K, 99% used [0x0000000080000000,0x0000000088def520,0x0000000088e00000)
 Metaspace       used 66112K, committed 67648K, reserved 1114112K
  class space    used 6718K, committed 7360K, reserved 1048576K
}
Event: 32.535 GC heap after
{Heap after GC invocations=142 (full 3):
 PSYoungGen      total 10752K, used 608K [0x00000000d5580000, 0x00000000d6100000, 0x0000000100000000)
  eden space 9728K, 0% used [0x00000000d5580000,0x00000000d5580000,0x00000000d5f00000)
  from space 1024K, 59% used [0x00000000d5f00000,0x00000000d5f98000,0x00000000d6000000)
  to   space 1024K, 0% used [0x00000000d6000000,0x00000000d6000000,0x00000000d6100000)
 ParOldGen       total 146432K, used 146378K [0x0000000080000000, 0x0000000088f00000, 0x00000000d5580000)
  object space 146432K, 99% used [0x0000000080000000,0x0000000088ef2930,0x0000000088f00000)
 Metaspace       used 66112K, committed 67648K, reserved 1114112K
  class space    used 6718K, committed 7360K, reserved 1048576K
}
Event: 32.569 GC heap before
{Heap before GC invocations=143 (full 3):
 PSYoungGen      total 10752K, used 10336K [0x00000000d5580000, 0x00000000d6100000, 0x0000000100000000)
  eden space 9728K, 100% used [0x00000000d5580000,0x00000000d5f00000,0x00000000d5f00000)
  from space 1024K, 59% used [0x00000000d5f00000,0x00000000d5f98000,0x00000000d6000000)
  to   space 1024K, 0% used [0x00000000d6000000,0x00000000d6000000,0x00000000d6100000)
 ParOldGen       total 146432K, used 146378K [0x0000000080000000, 0x0000000088f00000, 0x00000000d5580000)
  object space 146432K, 99% used [0x0000000080000000,0x0000000088ef2930,0x0000000088f00000)
 Metaspace       used 66113K, committed 67648K, reserved 1114112K
  class space    used 6718K, committed 7360K, reserved 1048576K
}
Event: 32.571 GC heap after
{Heap after GC invocations=143 (full 3):
 PSYoungGen      total 9728K, used 996K [0x00000000d5580000, 0x00000000d6300000, 0x0000000100000000)
  eden space 8704K, 0% used [0x00000000d5580000,0x00000000d5580000,0x00000000d5e00000)
  from space 1024K, 97% used [0x00000000d6000000,0x00000000d60f9210,0x00000000d6100000)
  to   space 2048K, 0% used [0x00000000d5e00000,0x00000000d5e00000,0x00000000d6000000)
 ParOldGen       total 146944K, used 146922K [0x0000000080000000, 0x0000000088f80000, 0x00000000d5580000)
  object space 146944K, 99% used [0x0000000080000000,0x0000000088f7a990,0x0000000088f80000)
 Metaspace       used 66113K, committed 67648K, reserved 1114112K
  class space    used 6718K, committed 7360K, reserved 1048576K
}
Event: 32.592 GC heap before
{Heap before GC invocations=144 (full 3):
 PSYoungGen      total 9728K, used 9700K [0x00000000d5580000, 0x00000000d6300000, 0x0000000100000000)
  eden space 8704K, 100% used [0x00000000d5580000,0x00000000d5e00000,0x00000000d5e00000)
  from space 1024K, 97% used [0x00000000d6000000,0x00000000d60f9210,0x00000000d6100000)
  to   space 2048K, 0% used [0x00000000d5e00000,0x00000000d5e00000,0x00000000d6000000)
 ParOldGen       total 146944K, used 146922K [0x0000000080000000, 0x0000000088f80000, 0x00000000d5580000)
  object space 146944K, 99% used [0x0000000080000000,0x0000000088f7a990,0x0000000088f80000)
 Metaspace       used 66113K, committed 67648K, reserved 1114112K
  class space    used 6718K, committed 7360K, reserved 1048576K
}
Event: 32.593 GC heap after
{Heap after GC invocations=144 (full 3):
 PSYoungGen      total 9728K, used 672K [0x00000000d5580000, 0x00000000d6080000, 0x0000000100000000)
  eden space 8704K, 0% used [0x00000000d5580000,0x00000000d5580000,0x00000000d5e00000)
  from space 1024K, 65% used [0x00000000d5e00000,0x00000000d5ea8000,0x00000000d5f00000)
  to   space 1024K, 0% used [0x00000000d5f80000,0x00000000d5f80000,0x00000000d6080000)
 ParOldGen       total 147968K, used 147903K [0x0000000080000000, 0x0000000089080000, 0x00000000d5580000)
  object space 147968K, 99% used [0x0000000080000000,0x000000008906fe68,0x0000000089080000)
 Metaspace       used 66113K, committed 67648K, reserved 1114112K
  class space    used 6718K, committed 7360K, reserved 1048576K
}

Dll operation events (10 events):
Event: 0.025 Loaded shared library c:\Users\Pratiush\.antigravity\extensions\redhat.java-1.53.0-win32-x64\jre\21.0.10-win32-x86_64\bin\java.dll
Event: 0.172 Loaded shared library c:\Users\Pratiush\.antigravity\extensions\redhat.java-1.53.0-win32-x64\jre\21.0.10-win32-x86_64\bin\zip.dll
Event: 0.216 Loaded shared library C:\Users\Pratiush\.antigravity\extensions\redhat.java-1.53.0-win32-x64\jre\21.0.10-win32-x86_64\bin\instrument.dll
Event: 0.228 Loaded shared library C:\Users\Pratiush\.antigravity\extensions\redhat.java-1.53.0-win32-x64\jre\21.0.10-win32-x86_64\bin\net.dll
Event: 0.236 Loaded shared library C:\Users\Pratiush\.antigravity\extensions\redhat.java-1.53.0-win32-x64\jre\21.0.10-win32-x86_64\bin\nio.dll
Event: 0.246 Loaded shared library C:\Users\Pratiush\.antigravity\extensions\redhat.java-1.53.0-win32-x64\jre\21.0.10-win32-x86_64\bin\zip.dll
Event: 0.279 Loaded shared library C:\Users\Pratiush\.antigravity\extensions\redhat.java-1.53.0-win32-x64\jre\21.0.10-win32-x86_64\bin\jimage.dll
Event: 0.428 Loaded shared library c:\Users\Pratiush\.antigravity\extensions\redhat.java-1.53.0-win32-x64\jre\21.0.10-win32-x86_64\bin\verify.dll
Event: 2.340 Loaded shared library C:\Users\Pratiush\AppData\Roaming\Antigravity\User\globalStorage\redhat.java\1.53.0\config_win\org.eclipse.equinox.launcher\org.eclipse.equinox.launcher.win32.win32.x86_64_1.3.0.v20260203-2149\eclipse_11919.dll
Event: 5.551 Loaded shared library C:\Users\Pratiush\AppData\Local\Temp\jna--1325489194\jna15555026215722208038.dll

Deoptimization events (20 events):
Event: 172.679 Thread 0x00000244954d34e0 Uncommon trap: trap_request=0xffffffde fr.pc=0x000002443f82aeec relative=0x000000000000056c
Event: 172.679 Thread 0x00000244954d34e0 Uncommon trap: reason=class_check action=maybe_recompile pc=0x000002443f82aeec method=org.eclipse.jdt.internal.core.JavaProject.equals(Ljava/lang/Object;)Z @ 8 c2
Event: 172.679 Thread 0x00000244954d34e0 DEOPT PACKING pc=0x000002443f82aeec sp=0x000000f816efe1f0
Event: 172.679 Thread 0x00000244954d34e0 DEOPT UNPACKING pc=0x000002443e8b3aa2 sp=0x000000f816efe1a8 mode 2
Event: 172.691 Thread 0x00000244954d34e0 Uncommon trap: trap_request=0xffffffde fr.pc=0x000002443f82aeec relative=0x000000000000056c
Event: 172.691 Thread 0x00000244954d34e0 Uncommon trap: reason=class_check action=maybe_recompile pc=0x000002443f82aeec method=org.eclipse.jdt.internal.core.JavaProject.equals(Ljava/lang/Object;)Z @ 8 c2
Event: 172.691 Thread 0x00000244954d34e0 DEOPT PACKING pc=0x000002443f82aeec sp=0x000000f816efe1f0
Event: 172.691 Thread 0x00000244954d34e0 DEOPT UNPACKING pc=0x000002443e8b3aa2 sp=0x000000f816efe1a8 mode 2
Event: 172.696 Thread 0x00000244954d34e0 Uncommon trap: trap_request=0xffffffde fr.pc=0x000002443f82aeec relative=0x000000000000056c
Event: 172.696 Thread 0x00000244954d34e0 Uncommon trap: reason=class_check action=maybe_recompile pc=0x000002443f82aeec method=org.eclipse.jdt.internal.core.JavaProject.equals(Ljava/lang/Object;)Z @ 8 c2
Event: 172.696 Thread 0x00000244954d34e0 DEOPT PACKING pc=0x000002443f82aeec sp=0x000000f816efe1f0
Event: 172.696 Thread 0x00000244954d34e0 DEOPT UNPACKING pc=0x000002443e8b3aa2 sp=0x000000f816efe1a8 mode 2
Event: 172.700 Thread 0x00000244954d34e0 Uncommon trap: trap_request=0xffffffde fr.pc=0x000002443f82aeec relative=0x000000000000056c
Event: 172.700 Thread 0x00000244954d34e0 Uncommon trap: reason=class_check action=maybe_recompile pc=0x000002443f82aeec method=org.eclipse.jdt.internal.core.JavaProject.equals(Ljava/lang/Object;)Z @ 8 c2
Event: 172.700 Thread 0x00000244954d34e0 DEOPT PACKING pc=0x000002443f82aeec sp=0x000000f816efe1f0
Event: 172.700 Thread 0x00000244954d34e0 DEOPT UNPACKING pc=0x000002443e8b3aa2 sp=0x000000f816efe1a8 mode 2
Event: 172.868 Thread 0x00000244954d34e0 Uncommon trap: trap_request=0xffffffc6 fr.pc=0x000002443f845888 relative=0x0000000000000568
Event: 172.868 Thread 0x00000244954d34e0 Uncommon trap: reason=bimorphic_or_optimized_type_check action=maybe_recompile pc=0x000002443f845888 method=java.util.HashMap.removeNode(ILjava/lang/Object;Ljava/lang/Object;ZZ)Ljava/util/HashMap$Node; @ 143 c2
Event: 172.868 Thread 0x00000244954d34e0 DEOPT PACKING pc=0x000002443f845888 sp=0x000000f816efde20
Event: 172.868 Thread 0x00000244954d34e0 DEOPT UNPACKING pc=0x000002443e8b3aa2 sp=0x000000f816efdd08 mode 2

Classes loaded (20 events):
Event: 32.352 Loading class sun/util/cldr/CLDRTimeZoneNameProviderImpl
Event: 32.352 Loading class sun/util/locale/provider/TimeZoneNameProviderImpl
Event: 32.352 Loading class sun/util/locale/provider/TimeZoneNameProviderImpl done
Event: 32.352 Loading class sun/util/cldr/CLDRTimeZoneNameProviderImpl done
Event: 32.353 Loading class sun/util/resources/cldr/TimeZoneNames
Event: 32.353 Loading class sun/util/resources/TimeZoneNamesBundle
Event: 32.354 Loading class sun/util/resources/OpenListResourceBundle
Event: 32.354 Loading class sun/util/resources/OpenListResourceBundle done
Event: 32.354 Loading class sun/util/resources/TimeZoneNamesBundle done
Event: 32.354 Loading class sun/util/resources/cldr/TimeZoneNames done
Event: 32.354 Loading class sun/util/resources/cldr/TimeZoneNames_en
Event: 32.356 Loading class sun/util/resources/cldr/TimeZoneNames_en done
Event: 32.359 Loading class sun/util/resources/cldr/TimeZoneNames_en_US
Event: 32.359 Loading class sun/util/resources/cldr/TimeZoneNames_en_US done
Event: 32.360 Loading class sun/util/cldr/CLDRBaseLocaleDataMetaInfo$TZCanonicalIDMapHolder
Event: 32.363 Loading class sun/util/cldr/CLDRBaseLocaleDataMetaInfo$TZCanonicalIDMapHolder done
Event: 32.365 Loading class sun/util/resources/TimeZoneNames
Event: 32.367 Loading class sun/util/resources/TimeZoneNames done
Event: 32.368 Loading class sun/util/resources/TimeZoneNames_en
Event: 32.368 Loading class sun/util/resources/TimeZoneNames_en done

Classes unloaded (7 events):
Event: 6.603 Thread 0x00000244341d2c10 Unloading class 0x000002444c1a3000 'java/lang/invoke/LambdaForm$MH+0x000002444c1a3000'
Event: 6.603 Thread 0x00000244341d2c10 Unloading class 0x000002444c1a2c00 'java/lang/invoke/LambdaForm$MH+0x000002444c1a2c00'
Event: 6.603 Thread 0x00000244341d2c10 Unloading class 0x000002444c1a2800 'java/lang/invoke/LambdaForm$MH+0x000002444c1a2800'
Event: 6.603 Thread 0x00000244341d2c10 Unloading class 0x000002444c1a2400 'java/lang/invoke/LambdaForm$MH+0x000002444c1a2400'
Event: 6.603 Thread 0x00000244341d2c10 Unloading class 0x000002444c1a2000 'java/lang/invoke/LambdaForm$BMH+0x000002444c1a2000'
Event: 6.603 Thread 0x00000244341d2c10 Unloading class 0x000002444c1a1c00 'java/lang/invoke/LambdaForm$DMH+0x000002444c1a1c00'
Event: 6.603 Thread 0x00000244341d2c10 Unloading class 0x000002444c1a0800 'java/lang/invoke/LambdaForm$DMH+0x000002444c1a0800'

Classes redefined (0 events):
No events

Internal exceptions (20 events):
Event: 27.685 Thread 0x00000244954d3b70 Exception <a 'sun/nio/fs/WindowsException'{0x00000000d5bf1e58}> (0x00000000d5bf1e58) 
thrown [s\src\hotspot\share\prims\jni.cpp, line 520]
Event: 27.692 Thread 0x0000024493008ba0 Exception <a 'sun/nio/fs/WindowsException'{0x00000000d5cc5c50}> (0x00000000d5cc5c50) 
thrown [s\src\hotspot\share\prims\jni.cpp, line 520]
Event: 27.692 Thread 0x0000024493008ba0 Exception <a 'sun/nio/fs/WindowsException'{0x00000000d5cc6750}> (0x00000000d5cc6750) 
thrown [s\src\hotspot\share\prims\jni.cpp, line 520]
Event: 27.693 Thread 0x0000024493008ba0 Exception <a 'sun/nio/fs/WindowsException'{0x00000000d5cc7a78}> (0x00000000d5cc7a78) 
thrown [s\src\hotspot\share\prims\jni.cpp, line 520]
Event: 27.693 Thread 0x0000024493008ba0 Exception <a 'sun/nio/fs/WindowsException'{0x00000000d5cceb50}> (0x00000000d5cceb50) 
thrown [s\src\hotspot\share\prims\jni.cpp, line 520]
Event: 27.694 Thread 0x0000024493008ba0 Exception <a 'sun/nio/fs/WindowsException'{0x00000000d5d1bed0}> (0x00000000d5d1bed0) 
thrown [s\src\hotspot\share\prims\jni.cpp, line 520]
Event: 27.694 Thread 0x0000024493008ba0 Exception <a 'sun/nio/fs/WindowsException'{0x00000000d5d1c500}> (0x00000000d5d1c500) 
thrown [s\src\hotspot\share\prims\jni.cpp, line 520]
Event: 27.694 Thread 0x0000024493008ba0 Exception <a 'sun/nio/fs/WindowsException'{0x00000000d5d1f740}> (0x00000000d5d1f740) 
thrown [s\src\hotspot\share\prims\jni.cpp, line 520]
Event: 27.694 Thread 0x0000024493008ba0 Exception <a 'sun/nio/fs/WindowsException'{0x00000000d5d6e4b8}> (0x00000000d5d6e4b8) 
thrown [s\src\hotspot\share\prims\jni.cpp, line 520]
Event: 27.695 Thread 0x0000024493008ba0 Exception <a 'sun/nio/fs/WindowsException'{0x00000000d5d77fe8}> (0x00000000d5d77fe8) 
thrown [s\src\hotspot\share\prims\jni.cpp, line 520]
Event: 27.695 Thread 0x0000024493008ba0 Exception <a 'sun/nio/fs/WindowsException'{0x00000000d5dc2ba0}> (0x00000000d5dc2ba0) 
thrown [s\src\hotspot\share\prims\jni.cpp, line 520]
Event: 27.696 Thread 0x0000024493008ba0 Exception <a 'sun/nio/fs/WindowsException'{0x00000000d5dc4f58}> (0x00000000d5dc4f58) 
thrown [s\src\hotspot\share\prims\jni.cpp, line 520]
Event: 27.696 Thread 0x0000024493008ba0 Exception <a 'sun/nio/fs/WindowsException'{0x00000000d5dc5a48}> (0x00000000d5dc5a48) 
thrown [s\src\hotspot\share\prims\jni.cpp, line 520]
Event: 27.697 Thread 0x0000024493008ba0 Exception <a 'sun/nio/fs/WindowsException'{0x00000000d5dc6d78}> (0x00000000d5dc6d78) 
thrown [s\src\hotspot\share\prims\jni.cpp, line 520]
Event: 27.697 Thread 0x0000024493008ba0 Exception <a 'sun/nio/fs/WindowsException'{0x00000000d5dc73a8}> (0x00000000d5dc73a8) 
thrown [s\src\hotspot\share\prims\jni.cpp, line 520]
Event: 27.697 Thread 0x0000024493008ba0 Exception <a 'sun/nio/fs/WindowsException'{0x00000000d5dc83e8}> (0x00000000d5dc83e8) 
thrown [s\src\hotspot\share\prims\jni.cpp, line 520]
Event: 27.698 Thread 0x0000024493008ba0 Exception <a 'sun/nio/fs/WindowsException'{0x00000000d5dc8c60}> (0x00000000d5dc8c60) 
thrown [s\src\hotspot\share\prims\jni.cpp, line 520]
Event: 27.698 Thread 0x0000024493008ba0 Exception <a 'sun/nio/fs/WindowsException'{0x00000000d5dc9ca0}> (0x00000000d5dc9ca0) 
thrown [s\src\hotspot\share\prims\jni.cpp, line 520]
Event: 27.698 Thread 0x0000024493008ba0 Exception <a 'sun/nio/fs/WindowsException'{0x00000000d5dca2d0}> (0x00000000d5dca2d0) 
thrown [s\src\hotspot\share\prims\jni.cpp, line 520]
Event: 28.403 Thread 0x0000024493009230 Exception <a 'java/lang/NoSuchMethodError'{0x00000000d5fd2b00}: 'java.lang.Object java.lang.invoke.DirectMethodHandle$Holder.invokeStatic(java.lang.Object, java.lang.Object, int, java.lang.Object, java.lang.Object)'> (0x00000000d5fd2b00) 
thrown [s\src\hotspot\share\interpreter\linkResolver.cpp, line 773]

ZGC Phase Switch (0 events):
No events

VM Operations (20 events):
Event: 32.592 Executing safepoint VM operation: ParallelGCFailedAllocation (Allocation Failure)
Event: 32.593 Executing safepoint VM operation: ParallelGCFailedAllocation (Allocation Failure) done
Event: 33.598 Executing safepoint VM operation: Cleanup
Event: 33.598 Executing safepoint VM operation: Cleanup done
Event: 60.028 Executing non-safepoint VM operation: HandshakeAllThreads (HandshakeForDeflation)
Event: 60.028 Executing non-safepoint VM operation: HandshakeAllThreads (HandshakeForDeflation) done
Event: 60.028 Executing non-safepoint VM operation: RendezvousGCThreads
Event: 60.028 Executing non-safepoint VM operation: RendezvousGCThreads done
Event: 173.210 Executing safepoint VM operation: Cleanup
Event: 173.210 Executing safepoint VM operation: Cleanup done
Event: 306.208 Executing safepoint VM operation: Cleanup
Event: 306.208 Executing safepoint VM operation: Cleanup done
Event: 360.206 Executing non-safepoint VM operation: HandshakeAllThreads (HandshakeForDeflation)
Event: 360.214 Executing non-safepoint VM operation: HandshakeAllThreads (HandshakeForDeflation) done
Event: 360.215 Executing non-safepoint VM operation: RendezvousGCThreads
Event: 360.215 Executing non-safepoint VM operation: RendezvousGCThreads done
Event: 420.535 Executing non-safepoint VM operation: HandshakeAllThreads (HandshakeForDeflation)
Event: 420.536 Executing non-safepoint VM operation: HandshakeAllThreads (HandshakeForDeflation) done
Event: 420.536 Executing non-safepoint VM operation: RendezvousGCThreads
Event: 420.536 Executing non-safepoint VM operation: RendezvousGCThreads done

Memory protections (0 events):
No events

Nmethod flushes (20 events):
Event: 22.592 Thread 0x00000244341d2c10 flushing  nmethod 0x0000024437c44d10
Event: 22.592 Thread 0x00000244341d2c10 flushing  nmethod 0x0000024437c53e10
Event: 22.592 Thread 0x00000244341d2c10 flushing  nmethod 0x0000024437c59f10
Event: 22.592 Thread 0x00000244341d2c10 flushing  nmethod 0x0000024437c9af10
Event: 22.592 Thread 0x00000244341d2c10 flushing  nmethod 0x0000024437c9c510
Event: 22.592 Thread 0x00000244341d2c10 flushing  nmethod 0x0000024437c9d510
Event: 22.592 Thread 0x00000244341d2c10 flushing  nmethod 0x0000024437c9e990
Event: 22.592 Thread 0x00000244341d2c10 flushing  nmethod 0x0000024437c9ed90
Event: 22.592 Thread 0x00000244341d2c10 flushing  nmethod 0x0000024437c9f210
Event: 22.592 Thread 0x00000244341d2c10 flushing  nmethod 0x0000024437ca5710
Event: 22.592 Thread 0x00000244341d2c10 flushing  nmethod 0x0000024437ca5b90
Event: 22.592 Thread 0x00000244341d2c10 flushing  nmethod 0x0000024437ca6110
Event: 22.592 Thread 0x00000244341d2c10 flushing  nmethod 0x0000024437cadc90
Event: 22.592 Thread 0x00000244341d2c10 flushing  nmethod 0x0000024437cae090
Event: 22.592 Thread 0x00000244341d2c10 flushing  nmethod 0x0000024437cae510
Event: 22.592 Thread 0x00000244341d2c10 flushing  nmethod 0x0000024437caeb10
Event: 22.592 Thread 0x00000244341d2c10 flushing  nmethod 0x0000024437caef10
Event: 22.592 Thread 0x00000244341d2c10 flushing  nmethod 0x0000024437cb0490
Event: 22.592 Thread 0x00000244341d2c10 flushing  nmethod 0x0000024437cff610
Event: 22.592 Thread 0x00000244341d2c10 flushing  nmethod 0x0000024437d3b110

Events (20 events):
Event: 25.211 Thread 0x0000024494d15fb0 Thread exited: 0x0000024494d15fb0
Event: 25.211 Thread 0x0000024494d12b30 Thread exited: 0x0000024494d12b30
Event: 25.211 Thread 0x0000024494d19430 Thread exited: 0x0000024494d19430
Event: 25.211 Thread 0x0000024494d179f0 Thread exited: 0x0000024494d179f0
Event: 25.212 Thread 0x0000024494d18da0 Thread exited: 0x0000024494d18da0
Event: 37.746 Thread 0x0000024494707480 Thread exited: 0x0000024494707480
Event: 37.746 Thread 0x00000244942c0490 Thread exited: 0x00000244942c0490
Event: 87.608 Thread 0x000002449300c020 Thread exited: 0x000002449300c020
Event: 87.683 Thread 0x000002449300cd40 Thread exited: 0x000002449300cd40
Event: 87.699 Thread 0x00000244954cdf90 Thread exited: 0x00000244954cdf90
Event: 87.866 Thread 0x00000244954d3b70 Thread exited: 0x00000244954d3b70
Event: 147.882 Thread 0x00000244954d27c0 Thread exited: 0x00000244954d27c0
Event: 172.793 Thread 0x000002448d0408c0 Thread added: 0x000002449bd8cc00
Event: 172.793 Thread 0x000002448d0408c0 Thread added: 0x000002449bd89580
Event: 177.920 Thread 0x000002449bd89580 Thread exited: 0x000002449bd89580
Event: 182.901 Thread 0x000002449bd8cc00 Thread exited: 0x000002449bd8cc00
Event: 207.936 Thread 0x00000244954d2e50 Thread exited: 0x00000244954d2e50
Event: 267.939 Thread 0x00000244954d4890 Thread exited: 0x00000244954d4890
Event: 327.945 Thread 0x00000244954d1aa0 Thread exited: 0x00000244954d1aa0
Event: 388.272 Thread 0x00000244954d06f0 Thread exited: 0x00000244954d06f0


Dynamic libraries:
0x00007ff6c5e30000 - 0x00007ff6c5e3e000 	c:\Users\Pratiush\.antigravity\extensions\redhat.java-1.53.0-win32-x64\jre\21.0.10-win32-x86_64\bin\java.exe
0x00007ffd4c780000 - 0x00007ffd4c9e7000 	C:\WINDOWS\SYSTEM32\ntdll.dll
0x00007ffd4c000000 - 0x00007ffd4c0c9000 	C:\WINDOWS\System32\KERNEL32.DLL
0x00007ffd4a120000 - 0x00007ffd4a511000 	C:\WINDOWS\System32\KERNELBASE.dll
0x00007ffd49960000 - 0x00007ffd49aab000 	C:\WINDOWS\System32\ucrtbase.dll
0x00007ffd20000000 - 0x00007ffd20018000 	c:\Users\Pratiush\.antigravity\extensions\redhat.java-1.53.0-win32-x64\jre\21.0.10-win32-x86_64\bin\jli.dll
0x00007ffd4c3b0000 - 0x00007ffd4c575000 	C:\WINDOWS\System32\USER32.dll
0x00007ffd49cd0000 - 0x00007ffd49cf7000 	C:\WINDOWS\System32\win32u.dll
0x00007ffd4b9d0000 - 0x00007ffd4b9fb000 	C:\WINDOWS\System32\GDI32.dll
0x00007ffd49f30000 - 0x00007ffd4a05b000 	C:\WINDOWS\System32\gdi32full.dll
0x00007ffd49ab0000 - 0x00007ffd49b53000 	C:\WINDOWS\System32\msvcp_win.dll
0x00007ffd1ffa0000 - 0x00007ffd1ffbe000 	c:\Users\Pratiush\.antigravity\extensions\redhat.java-1.53.0-win32-x64\jre\21.0.10-win32-x86_64\bin\VCRUNTIME140.dll
0x00007ffd3d520000 - 0x00007ffd3d7b3000 	C:\WINDOWS\WinSxS\amd64_microsoft.windows.common-controls_6595b64144ccf1df_6.0.26100.8037_none_3e092faae333b53b\COMCTL32.dll
0x00007ffd4b8f0000 - 0x00007ffd4b999000 	C:\WINDOWS\System32\msvcrt.dll
0x00007ffd4b500000 - 0x00007ffd4b531000 	C:\WINDOWS\System32\IMM32.DLL
0x00007ffd446f0000 - 0x00007ffd446fc000 	c:\Users\Pratiush\.antigravity\extensions\redhat.java-1.53.0-win32-x64\jre\21.0.10-win32-x86_64\bin\vcruntime140_1.dll
0x00007ffcac230000 - 0x00007ffcac2bd000 	c:\Users\Pratiush\.antigravity\extensions\redhat.java-1.53.0-win32-x64\jre\21.0.10-win32-x86_64\bin\msvcp140.dll
0x00007ffc6f3b0000 - 0x00007ffc70151000 	c:\Users\Pratiush\.antigravity\extensions\redhat.java-1.53.0-win32-x64\jre\21.0.10-win32-x86_64\bin\server\jvm.dll
0x00007ffd4b440000 - 0x00007ffd4b4fb000 	C:\WINDOWS\System32\ADVAPI32.dll
0x00007ffd4c0d0000 - 0x00007ffd4c177000 	C:\WINDOWS\System32\sechost.dll
0x00007ffd4c210000 - 0x00007ffd4c328000 	C:\WINDOWS\System32\RPCRT4.dll
0x00007ffd4c330000 - 0x00007ffd4c3a4000 	C:\WINDOWS\System32\WS2_32.dll
0x00007ffd48ec0000 - 0x00007ffd48f1e000 	C:\WINDOWS\SYSTEM32\POWRPROF.dll
0x00007ffd43630000 - 0x00007ffd4363b000 	C:\WINDOWS\SYSTEM32\VERSION.dll
0x00007ffd435f0000 - 0x00007ffd43625000 	C:\WINDOWS\SYSTEM32\WINMM.dll
0x00007ffd48ea0000 - 0x00007ffd48eb4000 	C:\WINDOWS\SYSTEM32\UMPDC.dll
0x00007ffd47df0000 - 0x00007ffd47e0b000 	C:\WINDOWS\SYSTEM32\kernel.appcore.dll
0x00007ffd40730000 - 0x00007ffd4073a000 	c:\Users\Pratiush\.antigravity\extensions\redhat.java-1.53.0-win32-x64\jre\21.0.10-win32-x86_64\bin\jimage.dll
0x00007ffd3db00000 - 0x00007ffd3dd42000 	C:\WINDOWS\SYSTEM32\DBGHELP.DLL
0x00007ffd4aed0000 - 0x00007ffd4b252000 	C:\WINDOWS\System32\combase.dll
0x00007ffd4b540000 - 0x00007ffd4b617000 	C:\WINDOWS\System32\OLEAUT32.dll
0x00007ffd33f20000 - 0x00007ffd33f5b000 	C:\WINDOWS\SYSTEM32\dbgcore.DLL
0x00007ffd49e80000 - 0x00007ffd49f25000 	C:\WINDOWS\System32\bcryptPrimitives.dll
0x00007ffd3fc40000 - 0x00007ffd3fc4f000 	c:\Users\Pratiush\.antigravity\extensions\redhat.java-1.53.0-win32-x64\jre\21.0.10-win32-x86_64\bin\instrument.dll
0x00007ffd143e0000 - 0x00007ffd14400000 	c:\Users\Pratiush\.antigravity\extensions\redhat.java-1.53.0-win32-x64\jre\21.0.10-win32-x86_64\bin\java.dll
0x00007ffd4a620000 - 0x00007ffd4ad7f000 	C:\WINDOWS\System32\SHELL32.dll
0x00007ffd49b60000 - 0x00007ffd49cca000 	C:\WINDOWS\System32\wintypes.dll
0x00007ffd490f0000 - 0x00007ffd49954000 	C:\WINDOWS\System32\windows.storage.dll
0x00007ffd4a520000 - 0x00007ffd4a617000 	C:\WINDOWS\System32\SHCORE.dll
0x00007ffd4bef0000 - 0x00007ffd4bf57000 	C:\WINDOWS\System32\shlwapi.dll
0x00007ffd48f80000 - 0x00007ffd48fa9000 	C:\WINDOWS\SYSTEM32\profapi.dll
0x00007ffd0ce80000 - 0x00007ffd0ce98000 	c:\Users\Pratiush\.antigravity\extensions\redhat.java-1.53.0-win32-x64\jre\21.0.10-win32-x86_64\bin\zip.dll
0x00007ffd3c190000 - 0x00007ffd3c1a0000 	C:\Users\Pratiush\.antigravity\extensions\redhat.java-1.53.0-win32-x64\jre\21.0.10-win32-x86_64\bin\net.dll
0x00007ffd411b0000 - 0x00007ffd412d7000 	C:\WINDOWS\SYSTEM32\WINHTTP.dll
0x00007ffd48360000 - 0x00007ffd483cb000 	C:\WINDOWS\system32\mswsock.dll
0x00007ffcd7db0000 - 0x00007ffcd7dc6000 	C:\Users\Pratiush\.antigravity\extensions\redhat.java-1.53.0-win32-x64\jre\21.0.10-win32-x86_64\bin\nio.dll
0x00007ffd3b330000 - 0x00007ffd3b340000 	c:\Users\Pratiush\.antigravity\extensions\redhat.java-1.53.0-win32-x64\jre\21.0.10-win32-x86_64\bin\verify.dll
0x00007ffca5c20000 - 0x00007ffca5c65000 	C:\Users\Pratiush\AppData\Roaming\Antigravity\User\globalStorage\redhat.java\1.53.0\config_win\org.eclipse.equinox.launcher\org.eclipse.equinox.launcher.win32.win32.x86_64_1.3.0.v20260203-2149\eclipse_11919.dll
0x00007ffd4c590000 - 0x00007ffd4c725000 	C:\WINDOWS\System32\ole32.dll
0x00007ffd48650000 - 0x00007ffd4866b000 	C:\WINDOWS\SYSTEM32\CRYPTSP.dll
0x00007ffd47d50000 - 0x00007ffd47d89000 	C:\WINDOWS\system32\rsaenh.dll
0x00007ffd48410000 - 0x00007ffd48442000 	C:\WINDOWS\SYSTEM32\USERENV.dll
0x00007ffd48f50000 - 0x00007ffd48f7a000 	C:\WINDOWS\SYSTEM32\bcrypt.dll
0x00007ffd48640000 - 0x00007ffd4864c000 	C:\WINDOWS\SYSTEM32\CRYPTBASE.dll
0x00007ffd47830000 - 0x00007ffd47863000 	C:\WINDOWS\SYSTEM32\IPHLPAPI.DLL
0x00007ffd4bff0000 - 0x00007ffd4bffa000 	C:\WINDOWS\System32\NSI.dll
0x00007ffcd0b00000 - 0x00007ffcd0b49000 	C:\Users\Pratiush\AppData\Local\Temp\jna--1325489194\jna15555026215722208038.dll
0x00007ffd4c580000 - 0x00007ffd4c588000 	C:\WINDOWS\System32\PSAPI.DLL
0x00007ffd43ab0000 - 0x00007ffd43acd000 	C:\WINDOWS\SYSTEM32\dhcpcsvc6.DLL
0x00007ffd43a60000 - 0x00007ffd43a83000 	C:\WINDOWS\SYSTEM32\dhcpcsvc.DLL

JVMTI agents:
c:\Users\Pratiush\.antigravity\extensions\redhat.java-1.53.0-win32-x64\lombok\lombok-1.18.39-4050.jar path:c:\Users\Pratiush\.antigravity\extensions\redhat.java-1.53.0-win32-x64\jre\21.0.10-win32-x86_64\bin\instrument.dll, loaded, initialized, instrumentlib options:none

dbghelp: loaded successfully - version: 4.0.5 - missing functions: none
symbol engine: initialized successfully - sym options: 0x614 - pdb path: .;c:\Users\Pratiush\.antigravity\extensions\redhat.java-1.53.0-win32-x64\jre\21.0.10-win32-x86_64\bin;C:\WINDOWS\SYSTEM32;C:\WINDOWS\WinSxS\amd64_microsoft.windows.common-controls_6595b64144ccf1df_6.0.26100.8037_none_3e092faae333b53b;c:\Users\Pratiush\.antigravity\extensions\redhat.java-1.53.0-win32-x64\jre\21.0.10-win32-x86_64\bin\server;C:\Users\Pratiush\AppData\Roaming\Antigravity\User\globalStorage\redhat.java\1.53.0\config_win\org.eclipse.equinox.launcher\org.eclipse.equinox.launcher.win32.win32.x86_64_1.3.0.v20260203-2149;C:\Users\Pratiush\AppData\Local\Temp\jna--1325489194

VM Arguments:
jvm_args: --add-modules=ALL-SYSTEM --add-opens=java.base/java.util=ALL-UNNAMED --add-opens=java.base/java.lang=ALL-UNNAMED --add-opens=java.base/sun.nio.fs=ALL-UNNAMED -Declipse.application=org.eclipse.jdt.ls.core.id1 -Dosgi.bundles.defaultStartLevel=4 -Declipse.product=org.eclipse.jdt.ls.core.product -Djava.import.generatesMetadataFilesAtProjectRoot=false -DDetectVMInstallationsJob.disabled=true -Dfile.encoding=utf8 -XX:+UseParallelGC -XX:GCTimeRatio=4 -XX:AdaptiveSizePolicyWeight=90 -Dsun.zip.disableMemoryMapping=true -Xmx2G -Xms100m -Xlog:disable -javaagent:c:\Users\Pratiush\.antigravity\extensions\redhat.java-1.53.0-win32-x64\lombok\lombok-1.18.39-4050.jar -XX:+HeapDumpOnOutOfMemoryError -XX:HeapDumpPath=c:\Users\Pratiush\AppData\Roaming\Antigravity\User\workspaceStorage\d2ea640c3a926e11886aa29436757f93\redhat.java -Daether.dependencyCollector.impl=bf 
java_command: c:\Users\Pratiush\.antigravity\extensions\redhat.java-1.53.0-win32-x64\server\plugins\org.eclipse.equinox.launcher_1.7.100.v20251111-0406.jar -configuration c:\Users\Pratiush\AppData\Roaming\Antigravity\User\globalStorage\redhat.java\1.53.0\config_win -data c:\Users\Pratiush\AppData\Roaming\Antigravity\User\workspaceStorage\d2ea640c3a926e11886aa29436757f93\redhat.java\jdt_ws --pipe=\\.\pipe\lsp-785e9b06b23279e7aefd28687225c74a-sock
java_class_path (initial): c:\Users\Pratiush\.antigravity\extensions\redhat.java-1.53.0-win32-x64\server\plugins\org.eclipse.equinox.launcher_1.7.100.v20251111-0406.jar
Launcher Type: SUN_STANDARD

[Global flags]
    uintx AdaptiveSizePolicyWeight                 = 90                                        {product} {command line}
     intx CICompilerCount                          = 4                                         {product} {ergonomic}
    uintx GCTimeRatio                              = 4                                         {product} {command line}
     bool HeapDumpOnOutOfMemoryError               = true                                   {manageable} {command line}
    ccstr HeapDumpPath                             = c:\Users\Pratiush\AppData\Roaming\Antigravity\User\workspaceStorage\d2ea640c3a926e11886aa29436757f93\redhat.java         {manageable} {command line}
   size_t InitialHeapSize                          = 104857600                                 {product} {command line}
   size_t MaxHeapSize                              = 2147483648                                {product} {command line}
   size_t MaxNewSize                               = 715653120                                 {product} {ergonomic}
   size_t MinHeapDeltaBytes                        = 524288                                    {product} {ergonomic}
   size_t MinHeapSize                              = 104857600                                 {product} {command line}
   size_t NewSize                                  = 34603008                                  {product} {ergonomic}
    uintx NonNMethodCodeHeapSize                   = 5839372                                {pd product} {ergonomic}
    uintx NonProfiledCodeHeapSize                  = 122909434                              {pd product} {ergonomic}
   size_t OldSize                                  = 70254592                                  {product} {ergonomic}
    uintx ProfiledCodeHeapSize                     = 122909434                              {pd product} {ergonomic}
    uintx ReservedCodeCacheSize                    = 251658240                              {pd product} {ergonomic}
     bool SegmentedCodeCache                       = true                                      {product} {ergonomic}
   size_t SoftMaxHeapSize                          = 2147483648                             {manageable} {ergonomic}
     bool UseCompressedOops                        = true                           {product lp64_product} {ergonomic}
     bool UseLargePagesIndividualAllocation        = false                                  {pd product} {ergonomic}
     bool UseParallelGC                            = true                                      {product} {command line}

Logging:
Log output configuration:
 #0: stdout all=off uptime,level,tags foldmultilines=false
 #1: stderr all=off uptime,level,tags foldmultilines=false

Release file:
JAVA_VERSION="21.0.10" 
MODULES="java.base java.compiler java.datatransfer java.xml java.prefs java.desktop java.instrument java.logging java.management java.security.sasl java.naming java.rmi java.management.rmi java.net.http java.scripting java.security.jgss java.transaction.xa java.sql java.sql.rowset java.xml.crypto java.se java.smartcardio jdk.accessibility jdk.internal.jvmstat jdk.attach jdk.charsets jdk.internal.opt jdk.zipfs jdk.compiler jdk.crypto.ec jdk.crypto.cryptoki jdk.crypto.mscapi jdk.dynalink jdk.internal.ed jdk.editpad jdk.hotspot.agent jdk.httpserver jdk.internal.le jdk.internal.vm.ci jdk.internal.vm.compiler jdk.internal.vm.compiler.management jdk.jartool jdk.javadoc jdk.jcmd jdk.management jdk.management.agent jdk.jconsole jdk.jdeps jdk.jdwp.agent jdk.jdi jdk.jfr jdk.jshell jdk.jsobject jdk.jstatd jdk.localedata jdk.management.jfr jdk.naming.dns jdk.naming.rmi jdk.net jdk.nio.mapmode jdk.random jdk.sctp jdk.security.auth jdk.security.jgss jdk.unsupported jdk.unsupported.desktop jdk.xml.dom" 

Environment Variables:
JAVA_HOME=C:\Program Files\Java\jdk-22
PATH=C:\Program Files\Java\jdk-22\bin;C:\Program Files\Java\jdk-21\bin;C:\Program Files\Python313\;C:\Program Files\Common Files\Oracle\Java\javapath;C:\Program Files\Python311\Scripts\;C:\Program Files\Python311\;C:\WINDOWS\system32;C:\WINDOWS;C:\WINDOWS\System32\Wbem;C:\WINDOWS\System32\WindowsPowerShell\v1.0\;C:\WINDOWS\System32\OpenSSH\;C:\Program Files\dotnet\;C:\MinGW\bin;C:\Program Files\MySQL\MySQL Server 8.0\bin;C:\Program Files\MongoDB\Server\7.0\bin;C:\Program Files\Apache\maven\apache-maven-3.9.9\bin;G:\Git\cmd;C:\Program Files\Java\jdk-23\bin;C:\gradle\gradle-8.12.1\bin;c:\Users\Pratiush\AppData\Local\Programs\cursor\resources\app\bin;C:\Users\Pratiush\Downloads\ngrok-v3-stable-windows-amd64;%KAFKA_HOME%\bin;G:\sqlite;C:\Program Files (x86)\apache-maven-3.9.11\bin;C:\Program Files\nodejs\;C:\Program Files\Redis\;C:\Program Files\Docker\Docker\resources\bin;C:\Program Files\Go\bin;C:\Users\Pratiush\.local\bin;C:\Program Files\Java\jdk-22\bin;C:\Program Files\Java\jdk-21\bin;C:\Program Files\Python313\;C:\Program Files\Common Files\Oracle\Java\javapath;C:\Program Files\Python311\Scripts\;C:\Program Files\Python311\;C:\WINDOWS\system32;C:\WINDOWS;C:\WINDOWS\System32\Wbem;C:\WINDOWS\System32\WindowsPowerShell\v1.0\;C:\WINDOWS\System32\OpenSSH\;C:\Program Files\dotnet\;C:\MinGW\bin;C:\Program Files\MySQL\MySQL Server 8.0\bin;C:\Program Files\MongoDB\Server\7.0\bin;C:\Program Files\Apache\maven\apache-maven-3.9.9\bin;G:\Git\cmd;C:\Program Files\Java\jdk-23\bin;C:\gradle\gradle-8.12.1\bin;c:\Users\Pratiush\AppData\Local\Programs\cursor\resources\app\bin;C:\Users\Pratiush\Downloads\ngrok-v3-stable-windows-amd64;%KAFKA_HOME%\bin;G:\sqlite;C:\Program Files (x86)\apache-maven-3.9.11\bin;C:\Program Files\nodejs\;C:\Program Files\Redis\;C:\Program Files\Docker\Docker\resources\bin;C:\Program Files\Go\bin;C:\Program Files\MySQL\MySQL Shell 8.0\bin\;C:\Users\Pratiush\.console-ninja\.bin;C:\Users\Pratiush\AppData\Local\Microsoft\WindowsApps;C:\MinGW\bin;C:\Users\Pratiush\AppData\Local\GitHubDesktop\bin;C:\Program Files\nodejs\;C:\Program Files\mongosh\;C:\Users\Pratiush\AppData\Local\Programs\Microsoft VS Code\bin;C:\Program Files\JetBrains\IntelliJ IDEA 2024.1.4\bin;C:\Program Files\JetBrains\IntelliJ IDEA Community Edition 2024.2.0.2\bin;C:\Users\Pratiush\AppData\Local\Microsoft\WindowsApps;C:\Users\Pratiush\AppData\Local\Programs\cursor\resources\app\bin;C:\Users\Pratiush\AppData\Roaming\npm;C:\Users\Pratiush\AppData\Roaming\Python\Python313\Scripts;C:\Users\Pratiush\AppData\Local\Programs\Antigravity\bin;C:\Users\Pratiush\go\bin;C:\Users\Pratiush\.cargo\bin;C:\Users\Pratiush\.local\bin;C:\Users\Pratiush\AppData\Local\Programs\Windsurf\bin;C:\Users\Pratiush\AppData\Local\Programs\codecrafters;C:\Program Files\JetBrains\WebStorm 2025.3.3\bin
USERNAME=Pratiush
OS=Windows_NT
PROCESSOR_IDENTIFIER=AMD64 Family 25 Model 80 Stepping 0, AuthenticAMD
TMP=C:\Users\Pratiush\AppData\Local\Temp
TEMP=C:\Users\Pratiush\AppData\Local\Temp




Periodic native trim disabled

---------------  S Y S T E M  ---------------

OS:
 Windows 11 , 64 bit Build 26100 (10.0.26100.7920)
OS uptime: 5 days 1:06 hours
Hyper-V role detected

CPU: total 12 (initial active 12) (12 cores per cpu, 2 threads per core) family 25 model 80 stepping 0 microcode 0xa500014, cx8, cmov, fxsr, ht, mmx, 3dnowpref, sse, sse2, sse3, ssse3, sse4a, sse4.1, sse4.2, popcnt, lzcnt, tsc, tscinvbit, avx, avx2, aes, erms, clmul, bmi1, bmi2, adx, sha, fma, vzeroupper, clflush, clflushopt, hv, rdtscp, rdpid, fsrm, f16c, cet_ss
Processor Information for processor 0
  Max Mhz: 2301, Current Mhz: 1904, Mhz Limit: 2301
Processor Information for processor 1
  Max Mhz: 2301, Current Mhz: 1798, Mhz Limit: 2301
Processor Information for processor 2
  Max Mhz: 2301, Current Mhz: 1904, Mhz Limit: 2301
Processor Information for processor 3
  Max Mhz: 2301, Current Mhz: 1798, Mhz Limit: 2301
Processor Information for processor 4
  Max Mhz: 2301, Current Mhz: 1904, Mhz Limit: 2301
Processor Information for processor 5
  Max Mhz: 2301, Current Mhz: 1904, Mhz Limit: 2301
Processor Information for processor 6
  Max Mhz: 2301, Current Mhz: 1798, Mhz Limit: 2301
Processor Information for processor 7
  Max Mhz: 2301, Current Mhz: 1798, Mhz Limit: 2301
Processor Information for processor 8
  Max Mhz: 2301, Current Mhz: 1798, Mhz Limit: 2301
Processor Information for processor 9
  Max Mhz: 2301, Current Mhz: 1798, Mhz Limit: 2301
Processor Information for processor 10
  Max Mhz: 2301, Current Mhz: 1904, Mhz Limit: 2301
Processor Information for processor 11
  Max Mhz: 2301, Current Mhz: 1904, Mhz Limit: 2301

Memory: 4k page, system-wide physical 7528M (666M free)
TotalPageFile size 31080M (AvailPageFile size 3M)
current process WorkingSet (physical memory assigned to process): 9M, peak: 514M
current process commit charge ("private bytes"): 433M, peak: 616M

vm_info: OpenJDK 64-Bit Server VM (21.0.10+7-LTS) for windows-amd64 JRE (21.0.10+7-LTS), built on 2026-01-20T00:00:00Z by "admin" with MS VC++ 17.12 (VS2022)

END.
